<?xml version="1.0"?>
<link_info>
   <banner>TMS320C2000 Linker PC v15.12.7.LTS</banner>
   <copyright>Copyright (c) 1996-2017 Texas Instruments Incorporated</copyright>
   <link_time>0x69608286</link_time>
   <link_errors>0x0</link_errors>
   <output_file>DAB_Control.out</output_file>
   <entry_point>
      <name>_c_int00</name>
      <address>0xef71</address>
   </entry_point>
   <input_file_list>
      <input_file id="fl-2">
         <path>.\</path>
         <kind>object</kind>
         <file>main.obj</file>
         <name>main.obj</name>
      </input_file>
      <input_file id="fl-3">
         <path>.\application\</path>
         <kind>object</kind>
         <file>cc.obj</file>
         <name>cc.obj</name>
      </input_file>
      <input_file id="fl-4">
         <path>.\application\</path>
         <kind>object</kind>
         <file>dac.obj</file>
         <name>dac.obj</name>
      </input_file>
      <input_file id="fl-5">
         <path>.\application\</path>
         <kind>object</kind>
         <file>dido.obj</file>
         <name>dido.obj</name>
      </input_file>
      <input_file id="fl-6">
         <path>.\application\</path>
         <kind>object</kind>
         <file>fault.obj</file>
         <name>fault.obj</name>
      </input_file>
      <input_file id="fl-7">
         <path>.\application\</path>
         <kind>object</kind>
         <file>offset.obj</file>
         <name>offset.obj</name>
      </input_file>
      <input_file id="fl-8">
         <path>.\application\</path>
         <kind>object</kind>
         <file>variables.obj</file>
         <name>variables.obj</name>
      </input_file>
      <input_file id="fl-9">
         <path>.\device\</path>
         <kind>object</kind>
         <file>F2837xS_Adc.obj</file>
         <name>F2837xS_Adc.obj</name>
      </input_file>
      <input_file id="fl-a">
         <path>.\device\</path>
         <kind>object</kind>
         <file>F2837xS_CodeStartBranch.obj</file>
         <name>F2837xS_CodeStartBranch.obj</name>
      </input_file>
      <input_file id="fl-b">
         <path>.\device\</path>
         <kind>object</kind>
         <file>F2837xS_CpuTimers.obj</file>
         <name>F2837xS_CpuTimers.obj</name>
      </input_file>
      <input_file id="fl-c">
         <path>.\device\</path>
         <kind>object</kind>
         <file>F2837xS_DBGIER.obj</file>
         <name>F2837xS_DBGIER.obj</name>
      </input_file>
      <input_file id="fl-d">
         <path>.\device\</path>
         <kind>object</kind>
         <file>F2837xS_DefaultISR.obj</file>
         <name>F2837xS_DefaultISR.obj</name>
      </input_file>
      <input_file id="fl-e">
         <path>.\device\</path>
         <kind>object</kind>
         <file>F2837xS_EPwm.obj</file>
         <name>F2837xS_EPwm.obj</name>
      </input_file>
      <input_file id="fl-f">
         <path>.\device\</path>
         <kind>object</kind>
         <file>F2837xS_EQep.obj</file>
         <name>F2837xS_EQep.obj</name>
      </input_file>
      <input_file id="fl-10">
         <path>.\device\</path>
         <kind>object</kind>
         <file>F2837xS_GlobalVariableDefs.obj</file>
         <name>F2837xS_GlobalVariableDefs.obj</name>
      </input_file>
      <input_file id="fl-11">
         <path>.\device\</path>
         <kind>object</kind>
         <file>F2837xS_Gpio.obj</file>
         <name>F2837xS_Gpio.obj</name>
      </input_file>
      <input_file id="fl-12">
         <path>.\device\</path>
         <kind>object</kind>
         <file>F2837xS_PieCtrl.obj</file>
         <name>F2837xS_PieCtrl.obj</name>
      </input_file>
      <input_file id="fl-13">
         <path>.\device\</path>
         <kind>object</kind>
         <file>F2837xS_PieVect.obj</file>
         <name>F2837xS_PieVect.obj</name>
      </input_file>
      <input_file id="fl-14">
         <path>.\device\</path>
         <kind>object</kind>
         <file>F2837xS_SysCtrl.obj</file>
         <name>F2837xS_SysCtrl.obj</name>
      </input_file>
      <input_file id="fl-15">
         <path>.\device\</path>
         <kind>object</kind>
         <file>F2837xS_Upp.obj</file>
         <name>F2837xS_Upp.obj</name>
      </input_file>
      <input_file id="fl-16">
         <path>.\device\</path>
         <kind>object</kind>
         <file>F2837xS_usDelay.obj</file>
         <name>F2837xS_usDelay.obj</name>
      </input_file>
      <input_file id="fl-17">
         <path>.\device\</path>
         <kind>object</kind>
         <file>device.obj</file>
         <name>device.obj</name>
      </input_file>
      <input_file id="fl-18">
         <path>.\easydsp\</path>
         <kind>object</kind>
         <file>RingBuff.obj</file>
         <name>RingBuff.obj</name>
      </input_file>
      <input_file id="fl-19">
         <path>.\easydsp\</path>
         <kind>object</kind>
         <file>easy2837xS_sci_v8.5.obj</file>
         <name>easy2837xS_sci_v8.5.obj</name>
      </input_file>
      <input_file id="fl-1f">
         <kind>object</kind>
         <file>&lt;internal&gt;</file>
         <name>&lt;internal&gt;</name>
      </input_file>
      <input_file id="fl-20">
         <path>..\</path>
         <kind>archive</kind>
         <file>driverlib.lib</file>
         <name>sysctl.obj</name>
      </input_file>
      <input_file id="fl-26">
         <path>C:\ti\c2000\ti-cgt-c2000_15.12.7.LTS\lib\</path>
         <kind>archive</kind>
         <file>rts2800_fpu32.lib</file>
         <name>boot.obj</name>
      </input_file>
      <input_file id="fl-27">
         <path>C:\ti\c2000\ti-cgt-c2000_15.12.7.LTS\lib\</path>
         <kind>archive</kind>
         <file>rts2800_fpu32.lib</file>
         <name>cpy_tbl.obj</name>
      </input_file>
      <input_file id="fl-28">
         <path>C:\ti\c2000\ti-cgt-c2000_15.12.7.LTS\lib\</path>
         <kind>archive</kind>
         <file>rts2800_fpu32.lib</file>
         <name>cpy_utils.obj</name>
      </input_file>
      <input_file id="fl-29">
         <path>C:\ti\c2000\ti-cgt-c2000_15.12.7.LTS\lib\</path>
         <kind>archive</kind>
         <file>rts2800_fpu32.lib</file>
         <name>exit.obj</name>
      </input_file>
      <input_file id="fl-2a">
         <path>C:\ti\c2000\ti-cgt-c2000_15.12.7.LTS\lib\</path>
         <kind>archive</kind>
         <file>rts2800_fpu32.lib</file>
         <name>fs_div.obj</name>
      </input_file>
      <input_file id="fl-2b">
         <path>C:\ti\c2000\ti-cgt-c2000_15.12.7.LTS\lib\</path>
         <kind>archive</kind>
         <file>rts2800_fpu32.lib</file>
         <name>ll_aox.obj</name>
      </input_file>
      <input_file id="fl-2c">
         <path>C:\ti\c2000\ti-cgt-c2000_15.12.7.LTS\lib\</path>
         <kind>archive</kind>
         <file>rts2800_fpu32.lib</file>
         <name>ll_cmp.obj</name>
      </input_file>
      <input_file id="fl-2d">
         <path>C:\ti\c2000\ti-cgt-c2000_15.12.7.LTS\lib\</path>
         <kind>archive</kind>
         <file>rts2800_fpu32.lib</file>
         <name>pre_init.obj</name>
      </input_file>
      <input_file id="fl-2e">
         <path>C:\ti\c2000\ti-cgt-c2000_15.12.7.LTS\lib\</path>
         <kind>archive</kind>
         <file>rts2800_fpu32.lib</file>
         <name>startup.obj</name>
      </input_file>
      <input_file id="fl-2f">
         <path>C:\ti\c2000\ti-cgt-c2000_15.12.7.LTS\lib\</path>
         <kind>archive</kind>
         <file>rts2800_fpu32.lib</file>
         <name>_lock.obj</name>
      </input_file>
      <input_file id="fl-30">
         <path>C:\ti\c2000\ti-cgt-c2000_15.12.7.LTS\lib\</path>
         <kind>archive</kind>
         <file>rts2800_fpu32.lib</file>
         <name>args_main.obj</name>
      </input_file>
   </input_file_list>
   <object_component_list>
      <object_component id="oc-94">
         <name>codestart</name>
         <load_address>0x0</load_address>
         <run_address>0x0</run_address>
         <size>0x2</size>
         <input_file_ref idref="fl-a"/>
      </object_component>
      <object_component id="oc-153">
         <name>.text</name>
         <load_address>0x500</load_address>
         <run_address>0x500</run_address>
         <size>0x2f5</size>
         <input_file_ref idref="fl-9"/>
      </object_component>
      <object_component id="oc-15f">
         <name>.text:_SysCtl_isMCDClockFailureDetected</name>
         <load_address>0x7f5</load_address>
         <run_address>0x7f5</run_address>
         <size>0xb</size>
         <input_file_ref idref="fl-20"/>
      </object_component>
      <object_component id="oc-99">
         <name>.text:retain</name>
         <load_address>0xb800</load_address>
         <run_address>0xb800</run_address>
         <size>0x6e1</size>
         <input_file_ref idref="fl-d"/>
      </object_component>
      <object_component id="oc-157">
         <name>.text</name>
         <load_address>0xbee1</load_address>
         <run_address>0xbee1</run_address>
         <size>0x108</size>
         <input_file_ref idref="fl-8"/>
      </object_component>
      <object_component id="oc-7f">
         <name>.text:retain</name>
         <load_address>0xbfe9</load_address>
         <run_address>0xbfe9</run_address>
         <size>0x15</size>
         <input_file_ref idref="fl-2"/>
      </object_component>
      <object_component id="oc-142">
         <name>.text</name>
         <load_address>0xbffe</load_address>
         <run_address>0xbffe</run_address>
         <size>0x2</size>
         <input_file_ref idref="fl-2d"/>
      </object_component>
      <object_component id="oc-83">
         <name>.text:retain</name>
         <load_address>0xc2c5</load_address>
         <run_address>0xc2c5</run_address>
         <size>0x56b</size>
         <input_file_ref idref="fl-3"/>
      </object_component>
      <object_component id="oc-150">
         <name>.text</name>
         <load_address>0xc830</load_address>
         <run_address>0xc830</run_address>
         <size>0x485</size>
         <input_file_ref idref="fl-14"/>
      </object_component>
      <object_component id="oc-154">
         <name>.text</name>
         <load_address>0xccb5</load_address>
         <run_address>0xccb5</run_address>
         <size>0x348</size>
         <input_file_ref idref="fl-e"/>
      </object_component>
      <object_component id="oc-96">
         <name>.text</name>
         <load_address>0xcffd</load_address>
         <run_address>0xcffd</run_address>
         <size>0x3</size>
         <input_file_ref idref="fl-c"/>
      </object_component>
      <object_component id="oc-152">
         <name>.text</name>
         <load_address>0xd000</load_address>
         <run_address>0xd000</run_address>
         <size>0x408</size>
         <input_file_ref idref="fl-11"/>
      </object_component>
      <object_component id="oc-100">
         <name>.text:retain</name>
         <load_address>0xd408</load_address>
         <run_address>0xd408</run_address>
         <size>0x3c3</size>
         <input_file_ref idref="fl-19"/>
      </object_component>
      <object_component id="oc-14c">
         <name>.text</name>
         <load_address>0xd7cb</load_address>
         <run_address>0xd7cb</run_address>
         <size>0x2b9</size>
         <input_file_ref idref="fl-2"/>
      </object_component>
      <object_component id="oc-15a">
         <name>.text:_SysCtl_setClock</name>
         <load_address>0xda84</load_address>
         <run_address>0xda84</run_address>
         <size>0x221</size>
         <input_file_ref idref="fl-20"/>
      </object_component>
      <object_component id="oc-14f">
         <name>.text</name>
         <load_address>0xdca5</load_address>
         <run_address>0xdca5</run_address>
         <size>0x1dd</size>
         <input_file_ref idref="fl-17"/>
      </object_component>
      <object_component id="oc-147">
         <name>.text</name>
         <load_address>0xde82</load_address>
         <run_address>0xde82</run_address>
         <size>0xb0</size>
         <input_file_ref idref="fl-3"/>
      </object_component>
      <object_component id="oc-151">
         <name>.text</name>
         <load_address>0xdf32</load_address>
         <run_address>0xdf32</run_address>
         <size>0x8a</size>
         <input_file_ref idref="fl-b"/>
      </object_component>
      <object_component id="oc-8d">
         <name>.text:retain</name>
         <load_address>0xdfbc</load_address>
         <run_address>0xdfbc</run_address>
         <size>0x33</size>
         <input_file_ref idref="fl-6"/>
      </object_component>
      <object_component id="oc-161">
         <name>.text:_SysCtl_serviceWatchdog</name>
         <load_address>0xdfef</load_address>
         <run_address>0xdfef</run_address>
         <size>0x9</size>
         <input_file_ref idref="fl-20"/>
      </object_component>
      <object_component id="oc-144">
         <name>.text</name>
         <load_address>0xdff8</load_address>
         <run_address>0xdff8</run_address>
         <size>0x1</size>
         <input_file_ref idref="fl-2e"/>
      </object_component>
      <object_component id="oc-148">
         <name>.text</name>
         <load_address>0xe9f6</load_address>
         <run_address>0xe9f6</run_address>
         <size>0x197</size>
         <input_file_ref idref="fl-4"/>
      </object_component>
      <object_component id="oc-149">
         <name>.text</name>
         <load_address>0xeb8d</load_address>
         <run_address>0xeb8d</run_address>
         <size>0x181</size>
         <input_file_ref idref="fl-6"/>
      </object_component>
      <object_component id="oc-11f">
         <name>.text</name>
         <load_address>0xed0e</load_address>
         <run_address>0xed0e</run_address>
         <size>0x88</size>
         <input_file_ref idref="fl-2a"/>
      </object_component>
      <object_component id="oc-14b">
         <name>.text</name>
         <load_address>0xed96</load_address>
         <run_address>0xed96</run_address>
         <size>0x85</size>
         <input_file_ref idref="fl-18"/>
      </object_component>
      <object_component id="oc-14a">
         <name>.text</name>
         <load_address>0xee1b</load_address>
         <run_address>0xee1b</run_address>
         <size>0x78</size>
         <input_file_ref idref="fl-5"/>
      </object_component>
      <object_component id="oc-90">
         <name>.text:retain</name>
         <load_address>0xee93</load_address>
         <run_address>0xee93</run_address>
         <size>0x70</size>
         <input_file_ref idref="fl-7"/>
      </object_component>
      <object_component id="oc-15b">
         <name>.text:_SysCtl_getClock</name>
         <load_address>0xef03</load_address>
         <run_address>0xef03</run_address>
         <size>0x6e</size>
         <input_file_ref idref="fl-20"/>
      </object_component>
      <object_component id="oc-7c">
         <name>.text</name>
         <load_address>0xef71</load_address>
         <run_address>0xef71</run_address>
         <size>0x56</size>
         <input_file_ref idref="fl-26"/>
      </object_component>
      <object_component id="oc-146">
         <name>.text</name>
         <load_address>0xefc7</load_address>
         <run_address>0xefc7</run_address>
         <size>0x29</size>
         <input_file_ref idref="fl-29"/>
      </object_component>
      <object_component id="oc-158">
         <name>.text</name>
         <load_address>0xeff0</load_address>
         <run_address>0xeff0</run_address>
         <size>0x9</size>
         <input_file_ref idref="fl-2f"/>
      </object_component>
      <object_component id="oc-160">
         <name>.text:_SysCtl_selectOscSource</name>
         <load_address>0xf000</load_address>
         <run_address>0xf000</run_address>
         <size>0x4d</size>
         <input_file_ref idref="fl-20"/>
      </object_component>
      <object_component id="oc-143">
         <name>.text</name>
         <load_address>0xf04d</load_address>
         <run_address>0xf04d</run_address>
         <size>0x46</size>
         <input_file_ref idref="fl-27"/>
      </object_component>
      <object_component id="oc-155">
         <name>.text</name>
         <load_address>0xf093</load_address>
         <run_address>0xf093</run_address>
         <size>0x28</size>
         <input_file_ref idref="fl-12"/>
      </object_component>
      <object_component id="oc-156">
         <name>.text</name>
         <load_address>0xf0bb</load_address>
         <run_address>0xf0bb</run_address>
         <size>0x26</size>
         <input_file_ref idref="fl-13"/>
      </object_component>
      <object_component id="oc-129">
         <name>.text</name>
         <load_address>0xf0e1</load_address>
         <run_address>0xf0e1</run_address>
         <size>0x1e</size>
         <input_file_ref idref="fl-2c"/>
      </object_component>
      <object_component id="oc-15c">
         <name>.text:_SysCtl_getLowSpeedClock</name>
         <load_address>0xf0ff</load_address>
         <run_address>0xf0ff</run_address>
         <size>0x1a</size>
         <input_file_ref idref="fl-20"/>
      </object_component>
      <object_component id="oc-113">
         <name>.text</name>
         <load_address>0xf119</load_address>
         <run_address>0xf119</run_address>
         <size>0x1a</size>
         <input_file_ref idref="fl-28"/>
      </object_component>
      <object_component id="oc-145">
         <name>.text</name>
         <load_address>0xf133</load_address>
         <run_address>0xf133</run_address>
         <size>0x19</size>
         <input_file_ref idref="fl-30"/>
      </object_component>
      <object_component id="oc-124">
         <name>.text</name>
         <load_address>0xf14c</load_address>
         <run_address>0xf14c</run_address>
         <size>0x18</size>
         <input_file_ref idref="fl-2b"/>
      </object_component>
      <object_component id="oc-91">
         <name>.cinit</name>
         <load_address>0xe000</load_address>
         <run_address>0xe000</run_address>
         <size>0x8a3</size>
         <input_file_ref idref="fl-8"/>
      </object_component>
      <object_component id="oc-97">
         <name>.cinit</name>
         <load_address>0xe8a3</load_address>
         <run_address>0xe8a3</run_address>
         <size>0x62</size>
         <input_file_ref idref="fl-d"/>
      </object_component>
      <object_component id="oc-fe">
         <name>.cinit</name>
         <load_address>0xe905</load_address>
         <run_address>0xe905</run_address>
         <size>0x4e</size>
         <input_file_ref idref="fl-19"/>
      </object_component>
      <object_component id="oc-89">
         <name>.cinit</name>
         <load_address>0xe953</load_address>
         <run_address>0xe953</run_address>
         <size>0x40</size>
         <input_file_ref idref="fl-4"/>
      </object_component>
      <object_component id="oc-8e">
         <name>.cinit</name>
         <load_address>0xe993</load_address>
         <run_address>0xe993</run_address>
         <size>0x1f</size>
         <input_file_ref idref="fl-7"/>
      </object_component>
      <object_component id="oc-7d">
         <name>.cinit</name>
         <load_address>0xe9b2</load_address>
         <run_address>0xe9b2</run_address>
         <size>0x14</size>
         <input_file_ref idref="fl-2"/>
      </object_component>
      <object_component id="oc-119">
         <name>.cinit</name>
         <load_address>0xe9c6</load_address>
         <run_address>0xe9c6</run_address>
         <size>0xe</size>
         <input_file_ref idref="fl-29"/>
      </object_component>
      <object_component id="oc-fc">
         <name>.cinit</name>
         <load_address>0xe9d4</load_address>
         <run_address>0xe9d4</run_address>
         <size>0xc</size>
         <input_file_ref idref="fl-18"/>
      </object_component>
      <object_component id="oc-81">
         <name>.cinit</name>
         <load_address>0xe9e0</load_address>
         <run_address>0xe9e0</run_address>
         <size>0xa</size>
         <input_file_ref idref="fl-3"/>
      </object_component>
      <object_component id="oc-14e">
         <name>.cinit:__lock</name>
         <load_address>0xe9ea</load_address>
         <run_address>0xe9ea</run_address>
         <size>0x5</size>
         <input_file_ref idref="fl-2f"/>
      </object_component>
      <object_component id="oc-159">
         <name>.cinit:__unlock</name>
         <load_address>0xe9ef</load_address>
         <run_address>0xe9ef</run_address>
         <size>0x5</size>
         <input_file_ref idref="fl-2f"/>
      </object_component>
      <object_component id="oc-109">
         <name>.reset</name>
         <load_address>0x3fffc0</load_address>
         <run_address>0x3fffc0</run_address>
         <size>0x2</size>
         <input_file_ref idref="fl-26"/>
      </object_component>
      <object_component id="oc-108">
         <name>.stack</name>
         <uninitialized>true</uninitialized>
         <run_address>0x400</run_address>
         <size>0x0</size>
         <input_file_ref idref="fl-26"/>
      </object_component>
      <object_component id="oc-1e6">
         <name>.stack</name>
         <uninitialized>true</uninitialized>
         <run_address>0x400</run_address>
         <size>0x0</size>
      </object_component>
      <object_component id="oc-7e">
         <name>.ebss</name>
         <uninitialized>true</uninitialized>
         <run_address>0xabbb</run_address>
         <size>0x5</size>
         <input_file_ref idref="fl-2"/>
      </object_component>
      <object_component id="oc-82">
         <name>.ebss</name>
         <uninitialized>true</uninitialized>
         <run_address>0xac76</run_address>
         <size>0x4</size>
         <input_file_ref idref="fl-3"/>
      </object_component>
      <object_component id="oc-8a">
         <name>.ebss</name>
         <uninitialized>true</uninitialized>
         <run_address>0xacc0</run_address>
         <size>0x22</size>
         <input_file_ref idref="fl-4"/>
      </object_component>
      <object_component id="oc-8c">
         <name>.ebss</name>
         <uninitialized>true</uninitialized>
         <run_address>0xabb6</run_address>
         <size>0x5</size>
         <input_file_ref idref="fl-6"/>
      </object_component>
      <object_component id="oc-8f">
         <name>.ebss</name>
         <uninitialized>true</uninitialized>
         <run_address>0xad18</run_address>
         <size>0x16</size>
         <input_file_ref idref="fl-7"/>
      </object_component>
      <object_component id="oc-92">
         <name>.ebss</name>
         <uninitialized>true</uninitialized>
         <run_address>0xa800</run_address>
         <size>0x3b0</size>
         <input_file_ref idref="fl-8"/>
      </object_component>
      <object_component id="oc-93">
         <name>.ebss</name>
         <uninitialized>true</uninitialized>
         <run_address>0xabc0</run_address>
         <size>0x80</size>
         <input_file_ref idref="fl-9"/>
      </object_component>
      <object_component id="oc-95">
         <name>.ebss</name>
         <uninitialized>true</uninitialized>
         <run_address>0xace2</run_address>
         <size>0x18</size>
         <input_file_ref idref="fl-b"/>
      </object_component>
      <object_component id="oc-98">
         <name>.ebss</name>
         <uninitialized>true</uninitialized>
         <run_address>0xac40</run_address>
         <size>0x36</size>
         <input_file_ref idref="fl-d"/>
      </object_component>
      <object_component id="oc-fd">
         <name>.ebss</name>
         <uninitialized>true</uninitialized>
         <run_address>0xac80</run_address>
         <size>0x35</size>
         <input_file_ref idref="fl-18"/>
      </object_component>
      <object_component id="oc-ff">
         <name>.ebss</name>
         <uninitialized>true</uninitialized>
         <run_address>0xad00</run_address>
         <size>0x18</size>
         <input_file_ref idref="fl-19"/>
      </object_component>
      <object_component id="oc-11a">
         <name>.ebss</name>
         <uninitialized>true</uninitialized>
         <run_address>0xabb0</run_address>
         <size>0x6</size>
         <input_file_ref idref="fl-29"/>
      </object_component>
      <object_component id="oc-15e">
         <name>.ebss:__unlock</name>
         <uninitialized>true</uninitialized>
         <run_address>0xac7c</run_address>
         <size>0x2</size>
         <input_file_ref idref="fl-2f"/>
      </object_component>
      <object_component id="oc-14d">
         <name>.ebss:__lock</name>
         <uninitialized>true</uninitialized>
         <run_address>0xac7a</run_address>
         <size>0x2</size>
         <input_file_ref idref="fl-2f"/>
      </object_component>
      <object_component id="oc-15d">
         <name>.econst:_PieVectTableInit</name>
         <load_address>0xc000</load_address>
         <run_address>0xc000</run_address>
         <size>0x1c0</size>
         <input_file_ref idref="fl-13"/>
      </object_component>
      <object_component id="oc-103">
         <name>.econst:.string</name>
         <load_address>0xc1c0</load_address>
         <run_address>0xc1c0</run_address>
         <size>0x66</size>
         <input_file_ref idref="fl-20"/>
      </object_component>
      <object_component id="oc-84">
         <name>.econst:.string</name>
         <load_address>0xc226</load_address>
         <run_address>0xc226</run_address>
         <size>0x48</size>
         <input_file_ref idref="fl-3"/>
      </object_component>
      <object_component id="oc-8b">
         <name>.econst:.string</name>
         <load_address>0xc26e</load_address>
         <run_address>0xc26e</run_address>
         <size>0x43</size>
         <input_file_ref idref="fl-4"/>
      </object_component>
      <object_component id="oc-fb">
         <name>.econst:.string</name>
         <load_address>0xc2b2</load_address>
         <run_address>0xc2b2</run_address>
         <size>0x13</size>
         <input_file_ref idref="fl-17"/>
      </object_component>
      <object_component id="oc-fa">
         <name>.TI.ramfunc</name>
         <load_address>0x122</load_address>
         <run_address>0x122</run_address>
         <size>0x4</size>
         <input_file_ref idref="fl-16"/>
      </object_component>
      <object_component id="oc-102">
         <name>.TI.ramfunc</name>
         <load_address>0x126</load_address>
         <run_address>0x126</run_address>
         <size>0x4</size>
         <input_file_ref idref="fl-20"/>
      </object_component>
      <object_component id="oc-f9">
         <name>PieVectTableFile</name>
         <uninitialized>true</uninitialized>
         <run_address>0xd00</run_address>
         <size>0x1c0</size>
         <input_file_ref idref="fl-10"/>
      </object_component>
      <object_component id="oc-9b">
         <name>EmuBModeVar</name>
         <uninitialized>true</uninitialized>
         <run_address>0xd00</run_address>
         <size>0x1</size>
         <input_file_ref idref="fl-10"/>
      </object_component>
      <object_component id="oc-9a">
         <name>EmuBootPinsVar</name>
         <uninitialized>true</uninitialized>
         <run_address>0xd01</run_address>
         <size>0x1</size>
         <input_file_ref idref="fl-10"/>
      </object_component>
      <object_component id="oc-b4">
         <name>AdcaResultFile</name>
         <uninitialized>true</uninitialized>
         <run_address>0xb00</run_address>
         <size>0x18</size>
         <input_file_ref idref="fl-10"/>
      </object_component>
      <object_component id="oc-b6">
         <name>AdcbResultFile</name>
         <uninitialized>true</uninitialized>
         <run_address>0xb20</run_address>
         <size>0x18</size>
         <input_file_ref idref="fl-10"/>
      </object_component>
      <object_component id="oc-b5">
         <name>AdccResultFile</name>
         <uninitialized>true</uninitialized>
         <run_address>0xb40</run_address>
         <size>0x18</size>
         <input_file_ref idref="fl-10"/>
      </object_component>
      <object_component id="oc-b7">
         <name>AdcdResultFile</name>
         <uninitialized>true</uninitialized>
         <run_address>0xb60</run_address>
         <size>0x18</size>
         <input_file_ref idref="fl-10"/>
      </object_component>
      <object_component id="oc-e3">
         <name>AdcaRegsFile</name>
         <uninitialized>true</uninitialized>
         <run_address>0x7400</run_address>
         <size>0x7c</size>
         <input_file_ref idref="fl-10"/>
      </object_component>
      <object_component id="oc-e4">
         <name>AdcbRegsFile</name>
         <uninitialized>true</uninitialized>
         <run_address>0x7480</run_address>
         <size>0x7c</size>
         <input_file_ref idref="fl-10"/>
      </object_component>
      <object_component id="oc-e5">
         <name>AdccRegsFile</name>
         <uninitialized>true</uninitialized>
         <run_address>0x7500</run_address>
         <size>0x7c</size>
         <input_file_ref idref="fl-10"/>
      </object_component>
      <object_component id="oc-e6">
         <name>AdcdRegsFile</name>
         <uninitialized>true</uninitialized>
         <run_address>0x7580</run_address>
         <size>0x7c</size>
         <input_file_ref idref="fl-10"/>
      </object_component>
      <object_component id="oc-db">
         <name>AnalogSubsysRegsFile</name>
         <uninitialized>true</uninitialized>
         <run_address>0x5d180</run_address>
         <size>0x3e</size>
         <input_file_ref idref="fl-10"/>
      </object_component>
      <object_component id="oc-dc">
         <name>Cla1RegsFile</name>
         <uninitialized>true</uninitialized>
         <run_address>0x1400</run_address>
         <size>0x3e</size>
         <input_file_ref idref="fl-10"/>
      </object_component>
      <object_component id="oc-9f">
         <name>Cla1SoftIntRegsFile</name>
         <uninitialized>true</uninitialized>
         <run_address>0xce0</run_address>
         <size>0x3</size>
         <input_file_ref idref="fl-10"/>
      </object_component>
      <object_component id="oc-c5">
         <name>Cmpss1RegsFile</name>
         <uninitialized>true</uninitialized>
         <run_address>0x5c80</run_address>
         <size>0x1b</size>
         <input_file_ref idref="fl-10"/>
      </object_component>
      <object_component id="oc-c4">
         <name>Cmpss2RegsFile</name>
         <uninitialized>true</uninitialized>
         <run_address>0x5ca0</run_address>
         <size>0x1b</size>
         <input_file_ref idref="fl-10"/>
      </object_component>
      <object_component id="oc-c7">
         <name>Cmpss3RegsFile</name>
         <uninitialized>true</uninitialized>
         <run_address>0x5cc0</run_address>
         <size>0x1b</size>
         <input_file_ref idref="fl-10"/>
      </object_component>
      <object_component id="oc-c1">
         <name>Cmpss4RegsFile</name>
         <uninitialized>true</uninitialized>
         <run_address>0x5ce0</run_address>
         <size>0x1b</size>
         <input_file_ref idref="fl-10"/>
      </object_component>
      <object_component id="oc-c0">
         <name>Cmpss5RegsFile</name>
         <uninitialized>true</uninitialized>
         <run_address>0x5d00</run_address>
         <size>0x1b</size>
         <input_file_ref idref="fl-10"/>
      </object_component>
      <object_component id="oc-c2">
         <name>Cmpss6RegsFile</name>
         <uninitialized>true</uninitialized>
         <run_address>0x5d20</run_address>
         <size>0x1b</size>
         <input_file_ref idref="fl-10"/>
      </object_component>
      <object_component id="oc-c6">
         <name>Cmpss7RegsFile</name>
         <uninitialized>true</uninitialized>
         <run_address>0x5d40</run_address>
         <size>0x1b</size>
         <input_file_ref idref="fl-10"/>
      </object_component>
      <object_component id="oc-c3">
         <name>Cmpss8RegsFile</name>
         <uninitialized>true</uninitialized>
         <run_address>0x5d60</run_address>
         <size>0x1b</size>
         <input_file_ref idref="fl-10"/>
      </object_component>
      <object_component id="oc-a7">
         <name>CpuTimer0RegsFile</name>
         <uninitialized>true</uninitialized>
         <run_address>0xc00</run_address>
         <size>0x8</size>
         <input_file_ref idref="fl-10"/>
      </object_component>
      <object_component id="oc-a6">
         <name>CpuTimer1RegsFile</name>
         <uninitialized>true</uninitialized>
         <run_address>0xc08</run_address>
         <size>0x8</size>
         <input_file_ref idref="fl-10"/>
      </object_component>
      <object_component id="oc-a8">
         <name>CpuTimer2RegsFile</name>
         <uninitialized>true</uninitialized>
         <run_address>0xc10</run_address>
         <size>0x8</size>
         <input_file_ref idref="fl-10"/>
      </object_component>
      <object_component id="oc-a5">
         <name>DacaRegsFile</name>
         <uninitialized>true</uninitialized>
         <run_address>0x5c00</run_address>
         <size>0x7</size>
         <input_file_ref idref="fl-10"/>
      </object_component>
      <object_component id="oc-a3">
         <name>DacbRegsFile</name>
         <uninitialized>true</uninitialized>
         <run_address>0x5c10</run_address>
         <size>0x7</size>
         <input_file_ref idref="fl-10"/>
      </object_component>
      <object_component id="oc-a2">
         <name>DaccRegsFile</name>
         <uninitialized>true</uninitialized>
         <run_address>0x5c20</run_address>
         <size>0x7</size>
         <input_file_ref idref="fl-10"/>
      </object_component>
      <object_component id="oc-cb">
         <name>DcsmZ1RegsFile</name>
         <uninitialized>true</uninitialized>
         <run_address>0x5f000</run_address>
         <size>0x22</size>
         <input_file_ref idref="fl-10"/>
      </object_component>
      <object_component id="oc-ca">
         <name>DcsmZ2RegsFile</name>
         <uninitialized>true</uninitialized>
         <run_address>0x5f040</run_address>
         <size>0x22</size>
         <input_file_ref idref="fl-10"/>
      </object_component>
      <object_component id="oc-a1">
         <name>DcsmCommonRegsFile</name>
         <uninitialized>true</uninitialized>
         <run_address>0x5f070</run_address>
         <size>0x6</size>
         <input_file_ref idref="fl-10"/>
      </object_component>
      <object_component id="oc-e8">
         <name>DmaRegsFile</name>
         <uninitialized>true</uninitialized>
         <run_address>0x1000</run_address>
         <size>0xe0</size>
         <input_file_ref idref="fl-10"/>
      </object_component>
      <object_component id="oc-bf">
         <name>DmaClaSrcSelRegsFile</name>
         <uninitialized>true</uninitialized>
         <run_address>0x7980</run_address>
         <size>0x1a</size>
         <input_file_ref idref="fl-10"/>
      </object_component>
      <object_component id="oc-bd">
         <name>ECap1RegsFile</name>
         <uninitialized>true</uninitialized>
         <run_address>0x5000</run_address>
         <size>0x1a</size>
         <input_file_ref idref="fl-10"/>
      </object_component>
      <object_component id="oc-be">
         <name>ECap2RegsFile</name>
         <uninitialized>true</uninitialized>
         <run_address>0x5020</run_address>
         <size>0x1a</size>
         <input_file_ref idref="fl-10"/>
      </object_component>
      <object_component id="oc-b9">
         <name>ECap3RegsFile</name>
         <uninitialized>true</uninitialized>
         <run_address>0x5040</run_address>
         <size>0x1a</size>
         <input_file_ref idref="fl-10"/>
      </object_component>
      <object_component id="oc-b8">
         <name>ECap4RegsFile</name>
         <uninitialized>true</uninitialized>
         <run_address>0x5060</run_address>
         <size>0x1a</size>
         <input_file_ref idref="fl-10"/>
      </object_component>
      <object_component id="oc-ba">
         <name>ECap5RegsFile</name>
         <uninitialized>true</uninitialized>
         <run_address>0x5080</run_address>
         <size>0x1a</size>
         <input_file_ref idref="fl-10"/>
      </object_component>
      <object_component id="oc-bc">
         <name>ECap6RegsFile</name>
         <uninitialized>true</uninitialized>
         <run_address>0x50a0</run_address>
         <size>0x1a</size>
         <input_file_ref idref="fl-10"/>
      </object_component>
      <object_component id="oc-d5">
         <name>Emif1RegsFile</name>
         <uninitialized>true</uninitialized>
         <run_address>0x47000</run_address>
         <size>0x28</size>
         <input_file_ref idref="fl-10"/>
      </object_component>
      <object_component id="oc-d2">
         <name>Emif2RegsFile</name>
         <uninitialized>true</uninitialized>
         <run_address>0x47800</run_address>
         <size>0x28</size>
         <input_file_ref idref="fl-10"/>
      </object_component>
      <object_component id="oc-ed">
         <name>EPwm1RegsFile</name>
         <uninitialized>true</uninitialized>
         <run_address>0x4000</run_address>
         <size>0x100</size>
         <input_file_ref idref="fl-10"/>
      </object_component>
      <object_component id="oc-ec">
         <name>EPwm2RegsFile</name>
         <uninitialized>true</uninitialized>
         <run_address>0x4100</run_address>
         <size>0x100</size>
         <input_file_ref idref="fl-10"/>
      </object_component>
      <object_component id="oc-ef">
         <name>EPwm3RegsFile</name>
         <uninitialized>true</uninitialized>
         <run_address>0x4200</run_address>
         <size>0x100</size>
         <input_file_ref idref="fl-10"/>
      </object_component>
      <object_component id="oc-ea">
         <name>EPwm4RegsFile</name>
         <uninitialized>true</uninitialized>
         <run_address>0x4300</run_address>
         <size>0x100</size>
         <input_file_ref idref="fl-10"/>
      </object_component>
      <object_component id="oc-e9">
         <name>EPwm5RegsFile</name>
         <uninitialized>true</uninitialized>
         <run_address>0x4400</run_address>
         <size>0x100</size>
         <input_file_ref idref="fl-10"/>
      </object_component>
      <object_component id="oc-ee">
         <name>EPwm6RegsFile</name>
         <uninitialized>true</uninitialized>
         <run_address>0x4500</run_address>
         <size>0x100</size>
         <input_file_ref idref="fl-10"/>
      </object_component>
      <object_component id="oc-eb">
         <name>EPwm7RegsFile</name>
         <uninitialized>true</uninitialized>
         <run_address>0x4600</run_address>
         <size>0x100</size>
         <input_file_ref idref="fl-10"/>
      </object_component>
      <object_component id="oc-f4">
         <name>EPwm8RegsFile</name>
         <uninitialized>true</uninitialized>
         <run_address>0x4700</run_address>
         <size>0x100</size>
         <input_file_ref idref="fl-10"/>
      </object_component>
      <object_component id="oc-f2">
         <name>EPwm9RegsFile</name>
         <uninitialized>true</uninitialized>
         <run_address>0x4800</run_address>
         <size>0x100</size>
         <input_file_ref idref="fl-10"/>
      </object_component>
      <object_component id="oc-f3">
         <name>EPwm10RegsFile</name>
         <uninitialized>true</uninitialized>
         <run_address>0x4900</run_address>
         <size>0x100</size>
         <input_file_ref idref="fl-10"/>
      </object_component>
      <object_component id="oc-f0">
         <name>EPwm11RegsFile</name>
         <uninitialized>true</uninitialized>
         <run_address>0x4a00</run_address>
         <size>0x100</size>
         <input_file_ref idref="fl-10"/>
      </object_component>
      <object_component id="oc-f1">
         <name>EPwm12RegsFile</name>
         <uninitialized>true</uninitialized>
         <run_address>0x4b00</run_address>
         <size>0x100</size>
         <input_file_ref idref="fl-10"/>
      </object_component>
      <object_component id="oc-de">
         <name>EPwmXbarRegsFile</name>
         <uninitialized>true</uninitialized>
         <run_address>0x7a00</run_address>
         <size>0x40</size>
         <input_file_ref idref="fl-10"/>
      </object_component>
      <object_component id="oc-cc">
         <name>EQep1RegsFile</name>
         <uninitialized>true</uninitialized>
         <run_address>0x5100</run_address>
         <size>0x22</size>
         <input_file_ref idref="fl-10"/>
      </object_component>
      <object_component id="oc-cf">
         <name>EQep2RegsFile</name>
         <uninitialized>true</uninitialized>
         <run_address>0x5140</run_address>
         <size>0x22</size>
         <input_file_ref idref="fl-10"/>
      </object_component>
      <object_component id="oc-cd">
         <name>EQep3RegsFile</name>
         <uninitialized>true</uninitialized>
         <run_address>0x5180</run_address>
         <size>0x22</size>
         <input_file_ref idref="fl-10"/>
      </object_component>
      <object_component id="oc-f8">
         <name>Flash0CtrlRegsFile</name>
         <uninitialized>true</uninitialized>
         <run_address>0x5f800</run_address>
         <size>0x182</size>
         <input_file_ref idref="fl-10"/>
      </object_component>
      <object_component id="oc-d3">
         <name>Flash0EccRegsFile</name>
         <uninitialized>true</uninitialized>
         <run_address>0x5fb00</run_address>
         <size>0x28</size>
         <input_file_ref idref="fl-10"/>
      </object_component>
      <object_component id="oc-f7">
         <name>Flash1CtrlRegsFile</name>
         <uninitialized>true</uninitialized>
         <run_address>0x5fc00</run_address>
         <size>0x182</size>
         <input_file_ref idref="fl-10"/>
      </object_component>
      <object_component id="oc-d4">
         <name>Flash1EccRegsFile</name>
         <uninitialized>true</uninitialized>
         <run_address>0x5ff00</run_address>
         <size>0x28</size>
         <input_file_ref idref="fl-10"/>
      </object_component>
      <object_component id="oc-f6">
         <name>GpioCtrlRegsFile</name>
         <uninitialized>true</uninitialized>
         <run_address>0x7c00</run_address>
         <size>0x180</size>
         <input_file_ref idref="fl-10"/>
      </object_component>
      <object_component id="oc-d8">
         <name>GpioDataRegsFile</name>
         <uninitialized>true</uninitialized>
         <run_address>0x7f00</run_address>
         <size>0x30</size>
         <input_file_ref idref="fl-10"/>
      </object_component>
      <object_component id="oc-dd">
         <name>OutputXbarRegsFile</name>
         <uninitialized>true</uninitialized>
         <run_address>0x7a80</run_address>
         <size>0x40</size>
         <input_file_ref idref="fl-10"/>
      </object_component>
      <object_component id="oc-c9">
         <name>I2caRegsFile</name>
         <uninitialized>true</uninitialized>
         <run_address>0x7300</run_address>
         <size>0x22</size>
         <input_file_ref idref="fl-10"/>
      </object_component>
      <object_component id="oc-ce">
         <name>I2cbRegsFile</name>
         <uninitialized>true</uninitialized>
         <run_address>0x7340</run_address>
         <size>0x22</size>
         <input_file_ref idref="fl-10"/>
      </object_component>
      <object_component id="oc-c8">
         <name>InputXbarRegsFile</name>
         <uninitialized>true</uninitialized>
         <run_address>0x7900</run_address>
         <size>0x20</size>
         <input_file_ref idref="fl-10"/>
      </object_component>
      <object_component id="oc-ac">
         <name>XbarRegsFile</name>
         <uninitialized>true</uninitialized>
         <run_address>0x7920</run_address>
         <size>0xe</size>
         <input_file_ref idref="fl-10"/>
      </object_component>
      <object_component id="oc-9e">
         <name>FlashPumpSemaphoreRegsFile</name>
         <uninitialized>true</uninitialized>
         <run_address>0x50024</run_address>
         <size>0x2</size>
         <input_file_ref idref="fl-10"/>
      </object_component>
      <object_component id="oc-9c">
         <name>RomPrefetchRegsFile</name>
         <uninitialized>true</uninitialized>
         <run_address>0x5e608</run_address>
         <size>0x2</size>
         <input_file_ref idref="fl-10"/>
      </object_component>
      <object_component id="oc-e2">
         <name>MemCfgRegsFile</name>
         <uninitialized>true</uninitialized>
         <run_address>0x5f400</run_address>
         <size>0x76</size>
         <input_file_ref idref="fl-10"/>
      </object_component>
      <object_component id="oc-aa">
         <name>Emif1ConfigRegsFile</name>
         <uninitialized>true</uninitialized>
         <run_address>0x5f480</run_address>
         <size>0xa</size>
         <input_file_ref idref="fl-10"/>
      </object_component>
      <object_component id="oc-a9">
         <name>Emif2ConfigRegsFile</name>
         <uninitialized>true</uninitialized>
         <run_address>0x5f4a0</run_address>
         <size>0xa</size>
         <input_file_ref idref="fl-10"/>
      </object_component>
      <object_component id="oc-d7">
         <name>AccessProtectionRegsFile</name>
         <uninitialized>true</uninitialized>
         <run_address>0x5f4c0</run_address>
         <size>0x2e</size>
         <input_file_ref idref="fl-10"/>
      </object_component>
      <object_component id="oc-da">
         <name>MemoryErrorRegsFile</name>
         <uninitialized>true</uninitialized>
         <run_address>0x5f500</run_address>
         <size>0x3a</size>
         <input_file_ref idref="fl-10"/>
      </object_component>
      <object_component id="oc-9d">
         <name>RomWaitStateRegsFile</name>
         <uninitialized>true</uninitialized>
         <run_address>0x5f540</run_address>
         <size>0x2</size>
         <input_file_ref idref="fl-10"/>
      </object_component>
      <object_component id="oc-d1">
         <name>McbspaRegsFile</name>
         <uninitialized>true</uninitialized>
         <run_address>0x6000</run_address>
         <size>0x24</size>
         <input_file_ref idref="fl-10"/>
      </object_component>
      <object_component id="oc-d0">
         <name>McbspbRegsFile</name>
         <uninitialized>true</uninitialized>
         <run_address>0x6040</run_address>
         <size>0x24</size>
         <input_file_ref idref="fl-10"/>
      </object_component>
      <object_component id="oc-df">
         <name>UppRegsFile</name>
         <uninitialized>true</uninitialized>
         <run_address>0x6200</run_address>
         <size>0x48</size>
         <input_file_ref idref="fl-10"/>
      </object_component>
      <object_component id="oc-a4">
         <name>NmiIntruptRegsFile</name>
         <uninitialized>true</uninitialized>
         <run_address>0x7060</run_address>
         <size>0x7</size>
         <input_file_ref idref="fl-10"/>
      </object_component>
      <object_component id="oc-bb">
         <name>PieCtrlRegsFile</name>
         <uninitialized>true</uninitialized>
         <run_address>0xce0</run_address>
         <size>0x1a</size>
         <input_file_ref idref="fl-10"/>
      </object_component>
      <object_component id="oc-af">
         <name>SciaRegsFile</name>
         <uninitialized>true</uninitialized>
         <run_address>0x7200</run_address>
         <size>0x10</size>
         <input_file_ref idref="fl-10"/>
      </object_component>
      <object_component id="oc-b0">
         <name>ScibRegsFile</name>
         <uninitialized>true</uninitialized>
         <run_address>0x7210</run_address>
         <size>0x10</size>
         <input_file_ref idref="fl-10"/>
      </object_component>
      <object_component id="oc-b2">
         <name>ScicRegsFile</name>
         <uninitialized>true</uninitialized>
         <run_address>0x7220</run_address>
         <size>0x10</size>
         <input_file_ref idref="fl-10"/>
      </object_component>
      <object_component id="oc-ad">
         <name>ScidRegsFile</name>
         <uninitialized>true</uninitialized>
         <run_address>0x7230</run_address>
         <size>0x10</size>
         <input_file_ref idref="fl-10"/>
      </object_component>
      <object_component id="oc-e0">
         <name>Sdfm1RegsFile</name>
         <uninitialized>true</uninitialized>
         <run_address>0x5e00</run_address>
         <size>0x48</size>
         <input_file_ref idref="fl-10"/>
      </object_component>
      <object_component id="oc-e1">
         <name>Sdfm2RegsFile</name>
         <uninitialized>true</uninitialized>
         <run_address>0x5e80</run_address>
         <size>0x48</size>
         <input_file_ref idref="fl-10"/>
      </object_component>
      <object_component id="oc-b1">
         <name>SpiaRegsFile</name>
         <uninitialized>true</uninitialized>
         <run_address>0x6100</run_address>
         <size>0x10</size>
         <input_file_ref idref="fl-10"/>
      </object_component>
      <object_component id="oc-b3">
         <name>SpibRegsFile</name>
         <uninitialized>true</uninitialized>
         <run_address>0x6110</run_address>
         <size>0x10</size>
         <input_file_ref idref="fl-10"/>
      </object_component>
      <object_component id="oc-ae">
         <name>SpicRegsFile</name>
         <uninitialized>true</uninitialized>
         <run_address>0x6120</run_address>
         <size>0x10</size>
         <input_file_ref idref="fl-10"/>
      </object_component>
      <object_component id="oc-f5">
         <name>DevCfgRegsFile</name>
         <uninitialized>true</uninitialized>
         <run_address>0x5d000</run_address>
         <size>0x12e</size>
         <input_file_ref idref="fl-10"/>
      </object_component>
      <object_component id="oc-d9">
         <name>ClkCfgRegsFile</name>
         <uninitialized>true</uninitialized>
         <run_address>0x5d200</run_address>
         <size>0x32</size>
         <input_file_ref idref="fl-10"/>
      </object_component>
      <object_component id="oc-e7">
         <name>CpuSysRegsFile</name>
         <uninitialized>true</uninitialized>
         <run_address>0x5d300</run_address>
         <size>0x82</size>
         <input_file_ref idref="fl-10"/>
      </object_component>
      <object_component id="oc-a0">
         <name>SyncSocRegsFile</name>
         <uninitialized>true</uninitialized>
         <run_address>0x7940</run_address>
         <size>0x6</size>
         <input_file_ref idref="fl-10"/>
      </object_component>
      <object_component id="oc-d6">
         <name>WdRegsFile</name>
         <uninitialized>true</uninitialized>
         <run_address>0x7000</run_address>
         <size>0x2b</size>
         <input_file_ref idref="fl-10"/>
      </object_component>
      <object_component id="oc-ab">
         <name>XintRegsFile</name>
         <uninitialized>true</uninitialized>
         <run_address>0x7070</run_address>
         <size>0xb</size>
         <input_file_ref idref="fl-10"/>
      </object_component>
      <object_component id="oc-80">
         <name>.debug_info</name>
         <load_address>0x0</load_address>
         <run_address>0x0</run_address>
         <size>0xfb5b</size>
         <input_file_ref idref="fl-3"/>
      </object_component>
      <object_component id="oc-101">
         <name>.debug_info</name>
         <load_address>0xfb5b</load_address>
         <run_address>0xfb5b</run_address>
         <size>0x114c</size>
         <input_file_ref idref="fl-20"/>
      </object_component>
      <object_component id="oc-10a">
         <name>.debug_info</name>
         <load_address>0x10ca7</load_address>
         <run_address>0x10ca7</run_address>
         <size>0x16c</size>
         <input_file_ref idref="fl-26"/>
      </object_component>
      <object_component id="oc-10e">
         <name>.debug_info</name>
         <load_address>0x10e13</load_address>
         <run_address>0x10e13</run_address>
         <size>0x628</size>
         <input_file_ref idref="fl-27"/>
      </object_component>
      <object_component id="oc-114">
         <name>.debug_info</name>
         <load_address>0x1143b</load_address>
         <run_address>0x1143b</run_address>
         <size>0x113</size>
         <input_file_ref idref="fl-28"/>
      </object_component>
      <object_component id="oc-118">
         <name>.debug_info</name>
         <load_address>0x1154e</load_address>
         <run_address>0x1154e</run_address>
         <size>0x5ac</size>
         <input_file_ref idref="fl-29"/>
      </object_component>
      <object_component id="oc-120">
         <name>.debug_info</name>
         <load_address>0x11afa</load_address>
         <run_address>0x11afa</run_address>
         <size>0x10d</size>
         <input_file_ref idref="fl-2a"/>
      </object_component>
      <object_component id="oc-125">
         <name>.debug_info</name>
         <load_address>0x11c07</load_address>
         <run_address>0x11c07</run_address>
         <size>0x16f</size>
         <input_file_ref idref="fl-2b"/>
      </object_component>
      <object_component id="oc-12a">
         <name>.debug_info</name>
         <load_address>0x11d76</load_address>
         <run_address>0x11d76</run_address>
         <size>0x147</size>
         <input_file_ref idref="fl-2c"/>
      </object_component>
      <object_component id="oc-12e">
         <name>.debug_info</name>
         <load_address>0x11ebd</load_address>
         <run_address>0x11ebd</run_address>
         <size>0x3e3</size>
         <input_file_ref idref="fl-2d"/>
      </object_component>
      <object_component id="oc-133">
         <name>.debug_info</name>
         <load_address>0x122a0</load_address>
         <run_address>0x122a0</run_address>
         <size>0x3e0</size>
         <input_file_ref idref="fl-2e"/>
      </object_component>
      <object_component id="oc-138">
         <name>.debug_info</name>
         <load_address>0x12680</load_address>
         <run_address>0x12680</run_address>
         <size>0x502</size>
         <input_file_ref idref="fl-2f"/>
      </object_component>
      <object_component id="oc-13d">
         <name>.debug_info</name>
         <load_address>0x12b82</load_address>
         <run_address>0x12b82</run_address>
         <size>0x4cf</size>
         <input_file_ref idref="fl-30"/>
      </object_component>
      <object_component id="oc-1ed">
         <name>.debug_info</name>
         <load_address>0x13051</load_address>
         <run_address>0x13051</run_address>
         <size>0x9a</size>
      </object_component>
      <object_component id="oc-85">
         <name>.debug_frame</name>
         <load_address>0x0</load_address>
         <run_address>0x0</run_address>
         <size>0x1b4</size>
         <input_file_ref idref="fl-3"/>
      </object_component>
      <object_component id="oc-104">
         <name>.debug_frame</name>
         <load_address>0x5f4</load_address>
         <run_address>0x5f4</run_address>
         <size>0x126</size>
         <input_file_ref idref="fl-20"/>
      </object_component>
      <object_component id="oc-10f">
         <name>.debug_frame</name>
         <load_address>0x1b4</load_address>
         <run_address>0x1b4</run_address>
         <size>0xbc</size>
         <input_file_ref idref="fl-27"/>
      </object_component>
      <object_component id="oc-11b">
         <name>.debug_frame</name>
         <load_address>0x270</load_address>
         <run_address>0x270</run_address>
         <size>0xc4</size>
         <input_file_ref idref="fl-29"/>
      </object_component>
      <object_component id="oc-12f">
         <name>.debug_frame</name>
         <load_address>0x334</load_address>
         <run_address>0x334</run_address>
         <size>0xa4</size>
         <input_file_ref idref="fl-2d"/>
      </object_component>
      <object_component id="oc-134">
         <name>.debug_frame</name>
         <load_address>0x3d8</load_address>
         <run_address>0x3d8</run_address>
         <size>0xa4</size>
         <input_file_ref idref="fl-2e"/>
      </object_component>
      <object_component id="oc-139">
         <name>.debug_frame</name>
         <load_address>0x47c</load_address>
         <run_address>0x47c</run_address>
         <size>0xd4</size>
         <input_file_ref idref="fl-2f"/>
      </object_component>
      <object_component id="oc-13e">
         <name>.debug_frame</name>
         <load_address>0x550</load_address>
         <run_address>0x550</run_address>
         <size>0xa4</size>
         <input_file_ref idref="fl-30"/>
      </object_component>
      <object_component id="oc-86">
         <name>.debug_line</name>
         <load_address>0x0</load_address>
         <run_address>0x0</run_address>
         <size>0x360</size>
         <input_file_ref idref="fl-3"/>
      </object_component>
      <object_component id="oc-105">
         <name>.debug_line</name>
         <load_address>0x360</load_address>
         <run_address>0x360</run_address>
         <size>0x393</size>
         <input_file_ref idref="fl-20"/>
      </object_component>
      <object_component id="oc-10b">
         <name>.debug_line</name>
         <load_address>0x6f3</load_address>
         <run_address>0x6f3</run_address>
         <size>0x7e</size>
         <input_file_ref idref="fl-26"/>
      </object_component>
      <object_component id="oc-110">
         <name>.debug_line</name>
         <load_address>0x771</load_address>
         <run_address>0x771</run_address>
         <size>0x6a</size>
         <input_file_ref idref="fl-27"/>
      </object_component>
      <object_component id="oc-115">
         <name>.debug_line</name>
         <load_address>0x7db</load_address>
         <run_address>0x7db</run_address>
         <size>0x50</size>
         <input_file_ref idref="fl-28"/>
      </object_component>
      <object_component id="oc-11c">
         <name>.debug_line</name>
         <load_address>0x82b</load_address>
         <run_address>0x82b</run_address>
         <size>0x65</size>
         <input_file_ref idref="fl-29"/>
      </object_component>
      <object_component id="oc-121">
         <name>.debug_line</name>
         <load_address>0x890</load_address>
         <run_address>0x890</run_address>
         <size>0xad</size>
         <input_file_ref idref="fl-2a"/>
      </object_component>
      <object_component id="oc-126">
         <name>.debug_line</name>
         <load_address>0x93d</load_address>
         <run_address>0x93d</run_address>
         <size>0x6c</size>
         <input_file_ref idref="fl-2b"/>
      </object_component>
      <object_component id="oc-12b">
         <name>.debug_line</name>
         <load_address>0x9a9</load_address>
         <run_address>0x9a9</run_address>
         <size>0x63</size>
         <input_file_ref idref="fl-2c"/>
      </object_component>
      <object_component id="oc-130">
         <name>.debug_line</name>
         <load_address>0xa0c</load_address>
         <run_address>0xa0c</run_address>
         <size>0x3e</size>
         <input_file_ref idref="fl-2d"/>
      </object_component>
      <object_component id="oc-135">
         <name>.debug_line</name>
         <load_address>0xa4a</load_address>
         <run_address>0xa4a</run_address>
         <size>0x3a</size>
         <input_file_ref idref="fl-2e"/>
      </object_component>
      <object_component id="oc-13a">
         <name>.debug_line</name>
         <load_address>0xa84</load_address>
         <run_address>0xa84</run_address>
         <size>0x5e</size>
         <input_file_ref idref="fl-2f"/>
      </object_component>
      <object_component id="oc-13f">
         <name>.debug_line</name>
         <load_address>0xae2</load_address>
         <run_address>0xae2</run_address>
         <size>0x55</size>
         <input_file_ref idref="fl-30"/>
      </object_component>
      <object_component id="oc-87">
         <name>.debug_abbrev</name>
         <load_address>0x0</load_address>
         <run_address>0x0</run_address>
         <size>0x275</size>
         <input_file_ref idref="fl-3"/>
      </object_component>
      <object_component id="oc-106">
         <name>.debug_abbrev</name>
         <load_address>0x275</load_address>
         <run_address>0x275</run_address>
         <size>0x1af</size>
         <input_file_ref idref="fl-20"/>
      </object_component>
      <object_component id="oc-10c">
         <name>.debug_abbrev</name>
         <load_address>0x424</load_address>
         <run_address>0x424</run_address>
         <size>0x46</size>
         <input_file_ref idref="fl-26"/>
      </object_component>
      <object_component id="oc-111">
         <name>.debug_abbrev</name>
         <load_address>0x46a</load_address>
         <run_address>0x46a</run_address>
         <size>0xfa</size>
         <input_file_ref idref="fl-27"/>
      </object_component>
      <object_component id="oc-116">
         <name>.debug_abbrev</name>
         <load_address>0x564</load_address>
         <run_address>0x564</run_address>
         <size>0x32</size>
         <input_file_ref idref="fl-28"/>
      </object_component>
      <object_component id="oc-11d">
         <name>.debug_abbrev</name>
         <load_address>0x596</load_address>
         <run_address>0x596</run_address>
         <size>0x142</size>
         <input_file_ref idref="fl-29"/>
      </object_component>
      <object_component id="oc-122">
         <name>.debug_abbrev</name>
         <load_address>0x6d8</load_address>
         <run_address>0x6d8</run_address>
         <size>0x38</size>
         <input_file_ref idref="fl-2a"/>
      </object_component>
      <object_component id="oc-127">
         <name>.debug_abbrev</name>
         <load_address>0x710</load_address>
         <run_address>0x710</run_address>
         <size>0x38</size>
         <input_file_ref idref="fl-2b"/>
      </object_component>
      <object_component id="oc-12c">
         <name>.debug_abbrev</name>
         <load_address>0x748</load_address>
         <run_address>0x748</run_address>
         <size>0x38</size>
         <input_file_ref idref="fl-2c"/>
      </object_component>
      <object_component id="oc-131">
         <name>.debug_abbrev</name>
         <load_address>0x780</load_address>
         <run_address>0x780</run_address>
         <size>0x68</size>
         <input_file_ref idref="fl-2d"/>
      </object_component>
      <object_component id="oc-136">
         <name>.debug_abbrev</name>
         <load_address>0x7e8</load_address>
         <run_address>0x7e8</run_address>
         <size>0x66</size>
         <input_file_ref idref="fl-2e"/>
      </object_component>
      <object_component id="oc-13b">
         <name>.debug_abbrev</name>
         <load_address>0x84e</load_address>
         <run_address>0x84e</run_address>
         <size>0xb2</size>
         <input_file_ref idref="fl-2f"/>
      </object_component>
      <object_component id="oc-140">
         <name>.debug_abbrev</name>
         <load_address>0x900</load_address>
         <run_address>0x900</run_address>
         <size>0xfe</size>
         <input_file_ref idref="fl-30"/>
      </object_component>
      <object_component id="oc-1ee">
         <name>.debug_abbrev</name>
         <load_address>0x9fe</load_address>
         <run_address>0x9fe</run_address>
         <size>0xf</size>
      </object_component>
      <object_component id="oc-88">
         <name>.debug_aranges</name>
         <load_address>0x0</load_address>
         <run_address>0x0</run_address>
         <size>0x50</size>
         <input_file_ref idref="fl-3"/>
      </object_component>
      <object_component id="oc-107">
         <name>.debug_aranges</name>
         <load_address>0x50</load_address>
         <run_address>0x50</run_address>
         <size>0x48</size>
         <input_file_ref idref="fl-20"/>
      </object_component>
      <object_component id="oc-10d">
         <name>.debug_aranges</name>
         <load_address>0x98</load_address>
         <run_address>0x98</run_address>
         <size>0x20</size>
         <input_file_ref idref="fl-26"/>
      </object_component>
      <object_component id="oc-112">
         <name>.debug_aranges</name>
         <load_address>0xb8</load_address>
         <run_address>0xb8</run_address>
         <size>0x20</size>
         <input_file_ref idref="fl-27"/>
      </object_component>
      <object_component id="oc-117">
         <name>.debug_aranges</name>
         <load_address>0xd8</load_address>
         <run_address>0xd8</run_address>
         <size>0x20</size>
         <input_file_ref idref="fl-28"/>
      </object_component>
      <object_component id="oc-11e">
         <name>.debug_aranges</name>
         <load_address>0xf8</load_address>
         <run_address>0xf8</run_address>
         <size>0x28</size>
         <input_file_ref idref="fl-29"/>
      </object_component>
      <object_component id="oc-123">
         <name>.debug_aranges</name>
         <load_address>0x120</load_address>
         <run_address>0x120</run_address>
         <size>0x20</size>
         <input_file_ref idref="fl-2a"/>
      </object_component>
      <object_component id="oc-128">
         <name>.debug_aranges</name>
         <load_address>0x140</load_address>
         <run_address>0x140</run_address>
         <size>0x30</size>
         <input_file_ref idref="fl-2b"/>
      </object_component>
      <object_component id="oc-12d">
         <name>.debug_aranges</name>
         <load_address>0x170</load_address>
         <run_address>0x170</run_address>
         <size>0x28</size>
         <input_file_ref idref="fl-2c"/>
      </object_component>
      <object_component id="oc-132">
         <name>.debug_aranges</name>
         <load_address>0x198</load_address>
         <run_address>0x198</run_address>
         <size>0x20</size>
         <input_file_ref idref="fl-2d"/>
      </object_component>
      <object_component id="oc-137">
         <name>.debug_aranges</name>
         <load_address>0x1b8</load_address>
         <run_address>0x1b8</run_address>
         <size>0x20</size>
         <input_file_ref idref="fl-2e"/>
      </object_component>
      <object_component id="oc-13c">
         <name>.debug_aranges</name>
         <load_address>0x1d8</load_address>
         <run_address>0x1d8</run_address>
         <size>0x30</size>
         <input_file_ref idref="fl-2f"/>
      </object_component>
      <object_component id="oc-141">
         <name>.debug_aranges</name>
         <load_address>0x208</load_address>
         <run_address>0x208</run_address>
         <size>0x20</size>
         <input_file_ref idref="fl-30"/>
      </object_component>
   </object_component_list>
   <logical_group_list>
      <logical_group id="lg-2" display="no" color="cyan">
         <name>codestart</name>
         <load_address>0x0</load_address>
         <run_address>0x0</run_address>
         <size>0x2</size>
         <contents>
            <object_component_ref idref="oc-94"/>
         </contents>
      </logical_group>
      <logical_group id="lg-1e7" display="no" color="cyan">
         <name>.text.1</name>
         <load_address>0x500</load_address>
         <run_address>0x500</run_address>
         <size>0x300</size>
         <contents>
            <object_component_ref idref="oc-153"/>
            <object_component_ref idref="oc-15f"/>
         </contents>
      </logical_group>
      <logical_group id="lg-1e8" display="no" color="cyan">
         <name>.text.2</name>
         <load_address>0xb800</load_address>
         <run_address>0xb800</run_address>
         <size>0x800</size>
         <contents>
            <object_component_ref idref="oc-99"/>
            <object_component_ref idref="oc-157"/>
            <object_component_ref idref="oc-7f"/>
            <object_component_ref idref="oc-142"/>
         </contents>
      </logical_group>
      <logical_group id="lg-1e9" display="no" color="cyan">
         <name>.text.3</name>
         <load_address>0xc2c5</load_address>
         <run_address>0xc2c5</run_address>
         <size>0xd3b</size>
         <contents>
            <object_component_ref idref="oc-83"/>
            <object_component_ref idref="oc-150"/>
            <object_component_ref idref="oc-154"/>
            <object_component_ref idref="oc-96"/>
         </contents>
      </logical_group>
      <logical_group id="lg-1ea" display="no" color="cyan">
         <name>.text.4</name>
         <load_address>0xd000</load_address>
         <run_address>0xd000</run_address>
         <size>0xff9</size>
         <contents>
            <object_component_ref idref="oc-152"/>
            <object_component_ref idref="oc-100"/>
            <object_component_ref idref="oc-14c"/>
            <object_component_ref idref="oc-15a"/>
            <object_component_ref idref="oc-14f"/>
            <object_component_ref idref="oc-147"/>
            <object_component_ref idref="oc-151"/>
            <object_component_ref idref="oc-8d"/>
            <object_component_ref idref="oc-161"/>
            <object_component_ref idref="oc-144"/>
         </contents>
      </logical_group>
      <logical_group id="lg-1eb" display="no" color="cyan">
         <name>.text.5</name>
         <load_address>0xe9f6</load_address>
         <run_address>0xe9f6</run_address>
         <size>0x603</size>
         <contents>
            <object_component_ref idref="oc-148"/>
            <object_component_ref idref="oc-149"/>
            <object_component_ref idref="oc-11f"/>
            <object_component_ref idref="oc-14b"/>
            <object_component_ref idref="oc-14a"/>
            <object_component_ref idref="oc-90"/>
            <object_component_ref idref="oc-15b"/>
            <object_component_ref idref="oc-7c"/>
            <object_component_ref idref="oc-146"/>
            <object_component_ref idref="oc-158"/>
         </contents>
      </logical_group>
      <logical_group id="lg-1ec" display="no" color="cyan">
         <name>.text.6</name>
         <load_address>0xf000</load_address>
         <run_address>0xf000</run_address>
         <size>0x164</size>
         <contents>
            <object_component_ref idref="oc-160"/>
            <object_component_ref idref="oc-143"/>
            <object_component_ref idref="oc-155"/>
            <object_component_ref idref="oc-156"/>
            <object_component_ref idref="oc-129"/>
            <object_component_ref idref="oc-15c"/>
            <object_component_ref idref="oc-113"/>
            <object_component_ref idref="oc-145"/>
            <object_component_ref idref="oc-124"/>
         </contents>
      </logical_group>
      <split_section id="lg-3" display="no" color="cyan">
         <name>.text</name>
         <contents>
            <logical_group_ref idref="lg-1e7"/>
            <logical_group_ref idref="lg-1e8"/>
            <logical_group_ref idref="lg-1e9"/>
            <logical_group_ref idref="lg-1ea"/>
            <logical_group_ref idref="lg-1eb"/>
            <logical_group_ref idref="lg-1ec"/>
         </contents>
      </split_section>
      <logical_group id="lg-4" display="no" color="cyan">
         <name>.cinit</name>
         <load_address>0xe000</load_address>
         <run_address>0xe000</run_address>
         <size>0x9f6</size>
         <contents>
            <object_component_ref idref="oc-91"/>
            <object_component_ref idref="oc-97"/>
            <object_component_ref idref="oc-fe"/>
            <object_component_ref idref="oc-89"/>
            <object_component_ref idref="oc-8e"/>
            <object_component_ref idref="oc-7d"/>
            <object_component_ref idref="oc-119"/>
            <object_component_ref idref="oc-fc"/>
            <object_component_ref idref="oc-81"/>
            <object_component_ref idref="oc-14e"/>
            <object_component_ref idref="oc-159"/>
         </contents>
      </logical_group>
      <logical_group id="lg-5" display="no" color="cyan">
         <name>.pinit</name>
         <run_address>0x0</run_address>
         <size>0x0</size>
         <contents>
         </contents>
      </logical_group>
      <logical_group id="lg-6" display="no" color="cyan">
         <name>.switch</name>
         <run_address>0x0</run_address>
         <size>0x0</size>
         <contents>
         </contents>
      </logical_group>
      <logical_group id="lg-7" display="no" color="cyan">
         <name>.reset</name>
         <load_address>0x3fffc0</load_address>
         <run_address>0x3fffc0</run_address>
         <size>0x2</size>
         <contents>
            <object_component_ref idref="oc-109"/>
         </contents>
      </logical_group>
      <logical_group id="lg-8" display="no" color="cyan">
         <name>.stack</name>
         <run_address>0x400</run_address>
         <size>0x100</size>
         <contents>
            <object_component_ref idref="oc-108"/>
            <object_component_ref idref="oc-1e6"/>
         </contents>
      </logical_group>
      <logical_group id="lg-9" display="no" color="cyan">
         <name>.ebss</name>
         <run_address>0xa800</run_address>
         <size>0x52e</size>
         <contents>
            <object_component_ref idref="oc-7e"/>
            <object_component_ref idref="oc-82"/>
            <object_component_ref idref="oc-8a"/>
            <object_component_ref idref="oc-8c"/>
            <object_component_ref idref="oc-8f"/>
            <object_component_ref idref="oc-92"/>
            <object_component_ref idref="oc-93"/>
            <object_component_ref idref="oc-95"/>
            <object_component_ref idref="oc-98"/>
            <object_component_ref idref="oc-fd"/>
            <object_component_ref idref="oc-ff"/>
            <object_component_ref idref="oc-11a"/>
            <object_component_ref idref="oc-15e"/>
            <object_component_ref idref="oc-14d"/>
         </contents>
      </logical_group>
      <logical_group id="lg-a" display="no" color="cyan">
         <name>.econst</name>
         <load_address>0xc000</load_address>
         <run_address>0xc000</run_address>
         <size>0x2c5</size>
         <contents>
            <object_component_ref idref="oc-15d"/>
            <object_component_ref idref="oc-103"/>
            <object_component_ref idref="oc-84"/>
            <object_component_ref idref="oc-8b"/>
            <object_component_ref idref="oc-fb"/>
         </contents>
      </logical_group>
      <logical_group id="lg-b" display="no" color="cyan">
         <name>.esysmem</name>
         <run_address>0x0</run_address>
         <size>0x0</size>
         <contents>
         </contents>
      </logical_group>
      <logical_group id="lg-c" display="no" color="cyan">
         <name>ramgs0</name>
         <run_address>0x0</run_address>
         <size>0x0</size>
         <contents>
         </contents>
      </logical_group>
      <logical_group id="lg-d" display="no" color="cyan">
         <name>ramgs1</name>
         <run_address>0x0</run_address>
         <size>0x0</size>
         <contents>
         </contents>
      </logical_group>
      <logical_group id="lg-e" display="no" color="cyan">
         <name>.TI.ramfunc</name>
         <load_address>0x122</load_address>
         <run_address>0x122</run_address>
         <size>0x8</size>
         <contents>
            <object_component_ref idref="oc-fa"/>
            <object_component_ref idref="oc-102"/>
         </contents>
      </logical_group>
      <logical_group id="lg-f" display="no" color="cyan">
         <name>Filter1_RegsFile</name>
         <load_address>0xd000</load_address>
         <run_address>0xd000</run_address>
         <size>0x0</size>
         <contents>
         </contents>
      </logical_group>
      <logical_group id="lg-10" display="no" color="cyan">
         <name>Filter2_RegsFile</name>
         <load_address>0xe000</load_address>
         <run_address>0xe000</run_address>
         <size>0x0</size>
         <contents>
         </contents>
      </logical_group>
      <logical_group id="lg-11" display="no" color="cyan">
         <name>Filter3_RegsFile</name>
         <load_address>0xf000</load_address>
         <run_address>0xf000</run_address>
         <size>0x0</size>
         <contents>
         </contents>
      </logical_group>
      <logical_group id="lg-12" display="no" color="cyan">
         <name>Filter4_RegsFile</name>
         <load_address>0x10000</load_address>
         <run_address>0x10000</run_address>
         <size>0x0</size>
         <contents>
         </contents>
      </logical_group>
      <logical_group id="lg-13" display="no" color="cyan">
         <name>Difference_RegsFile</name>
         <load_address>0x11000</load_address>
         <run_address>0x11000</run_address>
         <size>0x0</size>
         <contents>
         </contents>
      </logical_group>
      <logical_group id="lg-15" display="no" color="cyan">
         <name>PieVectTableFile</name>
         <run_address>0xd00</run_address>
         <size>0x1c0</size>
         <contents>
            <object_component_ref idref="oc-f9"/>
         </contents>
      </logical_group>
      <logical_group id="lg-17" display="no" color="cyan">
         <name>EmuBModeVar</name>
         <run_address>0xd00</run_address>
         <size>0x1</size>
         <contents>
            <object_component_ref idref="oc-9b"/>
         </contents>
      </logical_group>
      <logical_group id="lg-18" display="no" color="cyan">
         <name>EmuBootPinsVar</name>
         <run_address>0xd01</run_address>
         <size>0x1</size>
         <contents>
            <object_component_ref idref="oc-9a"/>
         </contents>
      </logical_group>
      <logical_group id="lg-16" display="no" color="cyan">
         <name>GROUP_2</name>
         <run_address>0xd00</run_address>
         <size>0x2</size>
         <contents>
            <logical_group_ref idref="lg-17"/>
            <logical_group_ref idref="lg-18"/>
         </contents>
      </logical_group>
      <overlay id="lg-14" display="no" color="cyan">
         <name>UNION_1</name>
         <run_address>0xd00</run_address>
         <size>0x1c0</size>
         <contents>
            <logical_group_ref idref="lg-15"/>
            <logical_group_ref idref="lg-16"/>
         </contents>
      </overlay>
      <logical_group id="lg-19" display="no" color="cyan">
         <name>AdcaResultFile</name>
         <run_address>0xb00</run_address>
         <size>0x18</size>
         <contents>
            <object_component_ref idref="oc-b4"/>
         </contents>
      </logical_group>
      <logical_group id="lg-1a" display="no" color="cyan">
         <name>AdcbResultFile</name>
         <run_address>0xb20</run_address>
         <size>0x18</size>
         <contents>
            <object_component_ref idref="oc-b6"/>
         </contents>
      </logical_group>
      <logical_group id="lg-1b" display="no" color="cyan">
         <name>AdccResultFile</name>
         <run_address>0xb40</run_address>
         <size>0x18</size>
         <contents>
            <object_component_ref idref="oc-b5"/>
         </contents>
      </logical_group>
      <logical_group id="lg-1c" display="no" color="cyan">
         <name>AdcdResultFile</name>
         <run_address>0xb60</run_address>
         <size>0x18</size>
         <contents>
            <object_component_ref idref="oc-b7"/>
         </contents>
      </logical_group>
      <logical_group id="lg-1d" display="no" color="cyan">
         <name>AdcaRegsFile</name>
         <run_address>0x7400</run_address>
         <size>0x7c</size>
         <contents>
            <object_component_ref idref="oc-e3"/>
         </contents>
      </logical_group>
      <logical_group id="lg-1e" display="no" color="cyan">
         <name>AdcbRegsFile</name>
         <run_address>0x7480</run_address>
         <size>0x7c</size>
         <contents>
            <object_component_ref idref="oc-e4"/>
         </contents>
      </logical_group>
      <logical_group id="lg-1f" display="no" color="cyan">
         <name>AdccRegsFile</name>
         <run_address>0x7500</run_address>
         <size>0x7c</size>
         <contents>
[...]
         <object_component_ref idref="oc-ea"/>
      </symbol>
      <symbol id="sm-76e9">
         <name>_EPwm7Regs</name>
         <value>0x4600</value>
         <object_component_ref idref="oc-eb"/>
      </symbol>
      <symbol id="sm-76eb">
         <name>_EPwm2Regs</name>
         <value>0x4100</value>
         <object_component_ref idref="oc-ec"/>
      </symbol>
      <symbol id="sm-76ed">
         <name>_EPwm1Regs</name>
         <value>0x4000</value>
         <object_component_ref idref="oc-ed"/>
      </symbol>
      <symbol id="sm-76ef">
         <name>_EPwm6Regs</name>
         <value>0x4500</value>
         <object_component_ref idref="oc-ee"/>
      </symbol>
      <symbol id="sm-76f1">
         <name>_EPwm3Regs</name>
         <value>0x4200</value>
         <object_component_ref idref="oc-ef"/>
      </symbol>
      <symbol id="sm-76f3">
         <name>_EPwm11Regs</name>
         <value>0x4a00</value>
         <object_component_ref idref="oc-f0"/>
      </symbol>
      <symbol id="sm-76f5">
         <name>_EPwm12Regs</name>
         <value>0x4b00</value>
         <object_component_ref idref="oc-f1"/>
      </symbol>
      <symbol id="sm-76f7">
         <name>_EPwm9Regs</name>
         <value>0x4800</value>
         <object_component_ref idref="oc-f2"/>
      </symbol>
      <symbol id="sm-76f9">
         <name>_EPwm10Regs</name>
         <value>0x4900</value>
         <object_component_ref idref="oc-f3"/>
      </symbol>
      <symbol id="sm-76fb">
         <name>_EPwm8Regs</name>
         <value>0x4700</value>
         <object_component_ref idref="oc-f4"/>
      </symbol>
      <symbol id="sm-76fd">
         <name>_DevCfgRegs</name>
         <value>0x5d000</value>
         <object_component_ref idref="oc-f5"/>
      </symbol>
      <symbol id="sm-76ff">
         <name>_GpioCtrlRegs</name>
         <value>0x7c00</value>
         <object_component_ref idref="oc-f6"/>
      </symbol>
      <symbol id="sm-7701">
         <name>_Flash1CtrlRegs</name>
         <value>0x5fc00</value>
         <object_component_ref idref="oc-f7"/>
      </symbol>
      <symbol id="sm-7703">
         <name>_Flash0CtrlRegs</name>
         <value>0x5f800</value>
         <object_component_ref idref="oc-f8"/>
      </symbol>
      <symbol id="sm-7705">
         <name>_PieVectTable</name>
         <value>0xd00</value>
         <object_component_ref idref="oc-f9"/>
      </symbol>
      <symbol id="sm-7709">
         <name>_InitGpio</name>
         <value>0xd000</value>
         <object_component_ref idref="oc-152"/>
      </symbol>
      <symbol id="sm-7718">
         <name>_GPIO_SetupPinMux</name>
         <value>0xd208</value>
         <object_component_ref idref="oc-152"/>
      </symbol>
      <symbol id="sm-7739">
         <name>_GPIO_SetupPinOptions</name>
         <value>0xd290</value>
         <object_component_ref idref="oc-152"/>
      </symbol>
      <symbol id="sm-7768">
         <name>_GPIO_SetupLock</name>
         <value>0xd324</value>
         <object_component_ref idref="oc-152"/>
      </symbol>
      <symbol id="sm-7780">
         <name>_GPIO_SetupXINT1Gpio</name>
         <value>0xd34d</value>
         <object_component_ref idref="oc-152"/>
      </symbol>
      <symbol id="sm-778a">
         <name>_GPIO_SetupXINT2Gpio</name>
         <value>0xd357</value>
         <object_component_ref idref="oc-152"/>
      </symbol>
      <symbol id="sm-7794">
         <name>_GPIO_SetupXINT3Gpio</name>
         <value>0xd361</value>
         <object_component_ref idref="oc-152"/>
      </symbol>
      <symbol id="sm-779e">
         <name>_GPIO_SetupXINT4Gpio</name>
         <value>0xd36b</value>
         <object_component_ref idref="oc-152"/>
      </symbol>
      <symbol id="sm-77a8">
         <name>_GPIO_SetupXINT5Gpio</name>
         <value>0xd375</value>
         <object_component_ref idref="oc-152"/>
      </symbol>
      <symbol id="sm-77b2">
         <name>_GPIO_EnableUnbondedIOPullupsFor176Pin</name>
         <value>0xd37f</value>
         <object_component_ref idref="oc-152"/>
      </symbol>
      <symbol id="sm-77b8">
         <name>_GPIO_EnableUnbondedIOPullupsFor100Pin</name>
         <value>0xd398</value>
         <object_component_ref idref="oc-152"/>
      </symbol>
      <symbol id="sm-77be">
         <name>_GPIO_EnableUnbondedIOPullups</name>
         <value>0xd3bd</value>
         <object_component_ref idref="oc-152"/>
      </symbol>
      <symbol id="sm-77c8">
         <name>_GPIO_ReadPin</name>
         <value>0xd3d3</value>
         <object_component_ref idref="oc-152"/>
      </symbol>
      <symbol id="sm-77d6">
         <name>_GPIO_WritePin</name>
         <value>0xd3ea</value>
         <object_component_ref idref="oc-152"/>
      </symbol>
      <symbol id="sm-77ee">
         <name>_InitPieCtrl</name>
         <value>0xf093</value>
         <object_component_ref idref="oc-155"/>
      </symbol>
      <symbol id="sm-77f4">
         <name>_EnableInterrupts</name>
         <value>0xf0b2</value>
         <object_component_ref idref="oc-155"/>
      </symbol>
      <symbol id="sm-77fe">
         <name>_InitPieVectTable</name>
         <value>0xf0bb</value>
         <object_component_ref idref="oc-156"/>
      </symbol>
      <symbol id="sm-7810">
         <name>_PieVectTableInit</name>
         <value>0xc000</value>
         <object_component_ref idref="oc-15d"/>
      </symbol>
      <symbol id="sm-7814">
         <name>_InitSysCtrl</name>
         <value>0xc830</value>
         <object_component_ref idref="oc-150"/>
      </symbol>
      <symbol id="sm-781b">
         <name>_InitPeripheralClocks</name>
         <value>0xc861</value>
         <object_component_ref idref="oc-150"/>
      </symbol>
      <symbol id="sm-7821">
         <name>_DisablePeripheralClocks</name>
         <value>0xc8e5</value>
         <object_component_ref idref="oc-150"/>
      </symbol>
      <symbol id="sm-7827">
         <name>_SeizeFlashPump_Bank0</name>
         <value>0xc8fd</value>
         <object_component_ref idref="oc-150"/>
      </symbol>
      <symbol id="sm-782f">
         <name>_SeizeFlashPump_Bank1</name>
         <value>0xc90c</value>
         <object_component_ref idref="oc-150"/>
      </symbol>
      <symbol id="sm-7837">
         <name>_ReleaseFlashPump</name>
         <value>0xc91b</value>
         <object_component_ref idref="oc-150"/>
      </symbol>
      <symbol id="sm-783d">
         <name>_ServiceDog</name>
         <value>0xc925</value>
         <object_component_ref idref="oc-150"/>
      </symbol>
      <symbol id="sm-7843">
         <name>_DisableDog</name>
         <value>0xc933</value>
         <object_component_ref idref="oc-150"/>
      </symbol>
      <symbol id="sm-784b">
         <name>_InitSysPll</name>
         <value>0xc941</value>
         <object_component_ref idref="oc-150"/>
      </symbol>
      <symbol id="sm-78ac">
         <name>_InitAuxPll</name>
         <value>0xcb30</value>
         <object_component_ref idref="oc-150"/>
      </symbol>
      <symbol id="sm-78e8">
         <name>_CsmUnlock</name>
         <value>0xcc17</value>
         <object_component_ref idref="oc-150"/>
      </symbol>
      <symbol id="sm-78ee">
         <name>_SysIntOsc1Sel</name>
         <value>0xcc38</value>
         <object_component_ref idref="oc-150"/>
      </symbol>
      <symbol id="sm-78f4">
         <name>_SysIntOsc2Sel</name>
         <value>0xcc44</value>
         <object_component_ref idref="oc-150"/>
      </symbol>
      <symbol id="sm-78fa">
         <name>_SysXtalOscSel</name>
         <value>0xcc50</value>
         <object_component_ref idref="oc-150"/>
      </symbol>
      <symbol id="sm-7900">
         <name>_AuxIntOsc2Sel</name>
         <value>0xcc5c</value>
         <object_component_ref idref="oc-150"/>
      </symbol>
      <symbol id="sm-7906">
         <name>_AuxXtalOscSel</name>
         <value>0xcc66</value>
         <object_component_ref idref="oc-150"/>
      </symbol>
      <symbol id="sm-790c">
         <name>_AuxAuxClkSel</name>
         <value>0xcc72</value>
         <object_component_ref idref="oc-150"/>
      </symbol>
      <symbol id="sm-7912">
         <name>_IDLE</name>
         <value>0xcc7c</value>
         <object_component_ref idref="oc-150"/>
      </symbol>
      <symbol id="sm-7918">
         <name>_STANDBY</name>
         <value>0xcc85</value>
         <object_component_ref idref="oc-150"/>
      </symbol>
      <symbol id="sm-791e">
         <name>_HALT</name>
         <value>0xcc90</value>
         <object_component_ref idref="oc-150"/>
      </symbol>
      <symbol id="sm-7924">
         <name>_HIB</name>
         <value>0xcca1</value>
         <object_component_ref idref="oc-150"/>
      </symbol>
      <symbol id="sm-7937">
         <name>_F28x_usDelay</name>
         <value>0x122</value>
         <object_component_ref idref="oc-fa"/>
      </symbol>
      <symbol id="sm-796f">
         <name>_Device_init</name>
         <value>0xdcea</value>
         <object_component_ref idref="oc-14f"/>
      </symbol>
      <symbol id="sm-7977">
         <name>_Device_enableAllPeripherals</name>
         <value>0xdd1d</value>
         <object_component_ref idref="oc-14f"/>
      </symbol>
      <symbol id="sm-797d">
         <name>_Device_initGPIO</name>
         <value>0xde08</value>
         <object_component_ref idref="oc-14f"/>
      </symbol>
      <symbol id="sm-7983">
         <name>_Device_enableUnbondedGPIOPullupsFor176Pin</name>
         <value>0xde29</value>
         <object_component_ref idref="oc-14f"/>
      </symbol>
      <symbol id="sm-7989">
         <name>_Device_enableUnbondedGPIOPullupsFor100Pin</name>
         <value>0xde41</value>
         <object_component_ref idref="oc-14f"/>
      </symbol>
      <symbol id="sm-798f">
         <name>_Device_enableUnbondedGPIOPullups</name>
         <value>0xde65</value>
         <object_component_ref idref="oc-14f"/>
      </symbol>
      <symbol id="sm-7999">
         <name>___error__</name>
         <value>0xde7b</value>
         <object_component_ref idref="oc-14f"/>
      </symbol>
      <symbol id="sm-7a58">
         <name>_ResetRing</name>
         <value>0xed96</value>
         <object_component_ref idref="oc-14b"/>
      </symbol>
      <symbol id="sm-7a62">
         <name>_AddRing</name>
         <value>0xedad</value>
         <object_component_ref idref="oc-14b"/>
      </symbol>
      <symbol id="sm-7a73">
         <name>_ExtractRing</name>
         <value>0xedd9</value>
         <object_component_ref idref="oc-14b"/>
      </symbol>
      <symbol id="sm-7a7c">
         <name>_ReadRing</name>
         <value>0xeded</value>
         <object_component_ref idref="oc-14b"/>
      </symbol>
      <symbol id="sm-7a8b">
         <name>_GetSizeRing</name>
         <value>0xee07</value>
         <object_component_ref idref="oc-14b"/>
      </symbol>
      <symbol id="sm-7a93">
         <name>_IsRingEmpty</name>
         <value>0xee13</value>
         <object_component_ref idref="oc-14b"/>
      </symbol>
      <symbol id="sm-7aa0">
         <name>_ezDSP_nEndPos</name>
         <value>0xac80</value>
         <object_component_ref idref="oc-fd"/>
      </symbol>
      <symbol id="sm-7aa2">
         <name>_ezDSP_nMaxBuffSize</name>
         <value>0xac81</value>
         <object_component_ref idref="oc-fd"/>
      </symbol>
      <symbol id="sm-7aa4">
         <name>_ezDSP_nStartPos</name>
         <value>0xac82</value>
         <object_component_ref idref="oc-fd"/>
      </symbol>
      <symbol id="sm-7aa6">
         <name>_ezDSP_ringBuffer</name>
         <value>0xac83</value>
         <object_component_ref idref="oc-fd"/>
      </symbol>
      <symbol id="sm-7aaa">
         <name>_easy_RXINT_ISR</name>
         <value>0xd408</value>
         <object_component_ref idref="oc-100"/>
      </symbol>
      <symbol id="sm-7af5">
         <name>_easy_TXINT_ISR</name>
         <value>0xd786</value>
         <object_component_ref idref="oc-100"/>
      </symbol>
      <symbol id="sm-7b04">
         <name>_ezDSP_uWrongISRCount</name>
         <value>0xad00</value>
         <object_component_ref idref="oc-ff"/>
      </symbol>
      <symbol id="sm-7b06">
         <name>_ezDSP_ucRx</name>
         <value>0xad01</value>
         <object_component_ref idref="oc-ff"/>
      </symbol>
      <symbol id="sm-7b08">
         <name>_ezDSP_uPECount</name>
         <value>0xad02</value>
         <object_component_ref idref="oc-ff"/>
      </symbol>
      <symbol id="sm-7b0a">
         <name>_ezDSP_uBRKDTCount</name>
         <value>0xad03</value>
         <object_component_ref idref="oc-ff"/>
      </symbol>
      <symbol id="sm-7b0c">
         <name>_ezDSP_uOECount</name>
         <value>0xad04</value>
         <object_component_ref idref="oc-ff"/>
      </symbol>
      <symbol id="sm-7b0e">
         <name>_ezDSP_uAddrRdCnt</name>
         <value>0xad05</value>
         <object_component_ref idref="oc-ff"/>
      </symbol>
      <symbol id="sm-7b10">
         <name>_ezDSP_uDataRdCnt</name>
         <value>0xad06</value>
         <object_component_ref idref="oc-ff"/>
      </symbol>
      <symbol id="sm-7b12">
         <name>_ezDSP_uChksum</name>
         <value>0xad07</value>
         <object_component_ref idref="oc-ff"/>
      </symbol>
      <symbol id="sm-7b14">
         <name>_ezDSP_uState</name>
         <value>0xad08</value>
         <object_component_ref idref="oc-ff"/>
      </symbol>
      <symbol id="sm-7b16">
         <name>_ezDSP_uData</name>
         <value>0xad09</value>
         <object_component_ref idref="oc-ff"/>
      </symbol>
      <symbol id="sm-7b18">
         <name>_ezDSP_uFECount</name>
         <value>0xad0a</value>
         <object_component_ref idref="oc-ff"/>
      </symbol>
      <symbol id="sm-7b1a">
         <name>_ezDSP_Version_SCI</name>
         <value>0xad0b</value>
         <object_component_ref idref="oc-ff"/>
      </symbol>
      <symbol id="sm-7b1c">
         <name>_ezDSP_uRead8BPossible</name>
         <value>0xad0c</value>
         <object_component_ref idref="oc-ff"/>
      </symbol>
      <symbol id="sm-7b1e">
         <name>_ezDSP_uRead16BPossible</name>
         <value>0xad0d</value>
         <object_component_ref idref="oc-ff"/>
      </symbol>
      <symbol id="sm-7b20">
         <name>_ezDSP_ulData</name>
         <value>0xad0e</value>
         <object_component_ref idref="oc-ff"/>
      </symbol>
      <symbol id="sm-7b22">
         <name>_ezDSP_ulAddr</name>
         <value>0xad10</value>
         <object_component_ref idref="oc-ff"/>
      </symbol>
      <symbol id="sm-7b24">
         <name>_ezDSP_fFloat</name>
         <value>0xad12</value>
         <object_component_ref idref="oc-ff"/>
      </symbol>
      <symbol id="sm-7b26">
         <name>_ezDSP_ullData</name>
         <value>0xad14</value>
         <object_component_ref idref="oc-ff"/>
      </symbol>
      <symbol id="sm-7b7a">
         <name>_SysCtl_delay</name>
         <value>0x126</value>
         <object_component_ref idref="oc-102"/>
      </symbol>
      <symbol id="sm-7b7b">
         <name>_SysCtl_selectOscSource</name>
         <value>0xf000</value>
         <object_component_ref idref="oc-160"/>
      </symbol>
      <symbol id="sm-7b7c">
         <name>_SysCtl_setClock</name>
         <value>0xda84</value>
         <object_component_ref idref="oc-15a"/>
      </symbol>
      <symbol id="sm-7b7d">
         <name>_SysCtl_getLowSpeedClock</name>
         <value>0xf0ff</value>
         <object_component_ref idref="oc-15c"/>
      </symbol>
      <symbol id="sm-7b7e">
         <name>_SysCtl_getClock</name>
         <value>0xef03</value>
         <object_component_ref idref="oc-15b"/>
      </symbol>
      <symbol id="sm-7b99">
         <name>_c_int00</name>
         <value>0xef71</value>
         <object_component_ref idref="oc-7c"/>
      </symbol>
      <symbol id="sm-7b9a">
         <name>__stack</name>
         <value>0x400</value>
         <object_component_ref idref="oc-108"/>
      </symbol>
      <symbol id="sm-7bb0">
         <name>_copy_in</name>
         <value>0xf04d</value>
         <object_component_ref idref="oc-143"/>
      </symbol>
      <symbol id="sm-7bbf">
         <name>_ppcopy</name>
         <value>0xf119</value>
         <object_component_ref idref="oc-113"/>
      </symbol>
      <symbol id="sm-7bc0">
         <name>_dpcopy</name>
         <value>0xf119</value>
         <object_component_ref idref="oc-113"/>
      </symbol>
      <symbol id="sm-7bc1">
         <name>_pdcopy</name>
         <value>0xf119</value>
         <object_component_ref idref="oc-113"/>
      </symbol>
      <symbol id="sm-7bc2">
         <name>_ddcopy</name>
         <value>0xf119</value>
         <object_component_ref idref="oc-113"/>
      </symbol>
      <symbol id="sm-7bd7">
         <name>C$$EXIT</name>
         <value>0xefc7</value>
         <object_component_ref idref="oc-146"/>
      </symbol>
      <symbol id="sm-7bd8">
         <name>_exit</name>
         <value>0xefc9</value>
         <object_component_ref idref="oc-146"/>
      </symbol>
      <symbol id="sm-7bd9">
         <name>___TI_cleanup_ptr</name>
         <value>0xabb2</value>
         <object_component_ref idref="oc-11a"/>
      </symbol>
      <symbol id="sm-7bda">
         <name>___TI_enable_exit_profile_output</name>
         <value>0xabb0</value>
         <object_component_ref idref="oc-11a"/>
      </symbol>
      <symbol id="sm-7bdb">
         <name>_abort</name>
         <value>0xefc7</value>
         <object_component_ref idref="oc-146"/>
      </symbol>
      <symbol id="sm-7bdc">
         <name>___TI_dtors_ptr</name>
         <value>0xabb4</value>
         <object_component_ref idref="oc-11a"/>
      </symbol>
      <symbol id="sm-7bed">
         <name>FS$$DIV</name>
         <value>0xed0e</value>
         <object_component_ref idref="oc-11f"/>
      </symbol>
      <symbol id="sm-7bf9">
         <name>LL$$AND</name>
         <value>0xf14c</value>
         <object_component_ref idref="oc-124"/>
      </symbol>
      <symbol id="sm-7bfa">
         <name>LL$$OR</name>
         <value>0xf154</value>
         <object_component_ref idref="oc-124"/>
      </symbol>
      <symbol id="sm-7bfb">
         <name>LL$$XOR</name>
         <value>0xf15c</value>
         <object_component_ref idref="oc-124"/>
      </symbol>
      <symbol id="sm-7c09">
         <name>ULL$$CMP</name>
         <value>0xf0f3</value>
         <object_component_ref idref="oc-129"/>
      </symbol>
      <symbol id="sm-7c0a">
         <name>LL$$CMP</name>
         <value>0xf0e1</value>
         <object_component_ref idref="oc-129"/>
      </symbol>
      <symbol id="sm-7c17">
         <name>__system_pre_init</name>
         <value>0xbffe</value>
         <object_component_ref idref="oc-142"/>
      </symbol>
      <symbol id="sm-7c24">
         <name>__system_post_cinit</name>
         <value>0xdff8</value>
         <object_component_ref idref="oc-144"/>
      </symbol>
      <symbol id="sm-7c39">
         <name>__unlock</name>
         <value>0xac7c</value>
         <object_component_ref idref="oc-15e"/>
      </symbol>
      <symbol id="sm-7c3a">
         <name>__lock</name>
         <value>0xac7a</value>
         <object_component_ref idref="oc-14d"/>
      </symbol>
      <symbol id="sm-7c3b">
         <name>__register_lock</name>
         <value>0xeff4</value>
         <object_component_ref idref="oc-158"/>
      </symbol>
      <symbol id="sm-7c3c">
         <name>__nop</name>
         <value>0xeff8</value>
         <object_component_ref idref="oc-158"/>
      </symbol>
      <symbol id="sm-7c3d">
         <name>__register_unlock</name>
         <value>0xeff0</value>
         <object_component_ref idref="oc-158"/>
      </symbol>
      <symbol id="sm-7c4d">
         <name>__args_main</name>
         <value>0xf133</value>
         <object_component_ref idref="oc-145"/>
      </symbol>
   </symbol_table>
   <title>Link successful</title>
</link_info>
