<?xml version="1.0" encoding="ISO-8859-1" ?>
<link_info>
   <banner>TMS320C2000 Linker PC v20.2.7.LTS</banner>
   <copyright>Copyright (c) 1996-2018 Texas Instruments Incorporated</copyright>
   <link_time>0x6960abc8</link_time>
   <link_errors>0x1</link_errors>
   <output_file>DAB_Control.out</output_file>
   <entry_point>
      <name>_c_int00</name>
      <address>0xbfe9</address>
   </entry_point>
   <input_file_list>
      <input_file id="fl-2">
         <path>.\</path>
         <kind>object</kind>
         <file>main.obj</file>
         <name>main.obj</name>
      </input_file>
      <input_file id="fl-3">
         <path>.\application\</path>
         <kind>object</kind>
         <file>cc.obj</file>
         <name>cc.obj</name>
      </input_file>
      <input_file id="fl-4">
         <path>.\application\</path>
         <kind>object</kind>
         <file>dac.obj</file>
         <name>dac.obj</name>
      </input_file>
      <input_file id="fl-5">
         <path>.\application\</path>
         <kind>object</kind>
         <file>dido.obj</file>
         <name>dido.obj</name>
      </input_file>
      <input_file id="fl-6">
         <path>.\application\</path>
         <kind>object</kind>
         <file>fault.obj</file>
         <name>fault.obj</name>
      </input_file>
      <input_file id="fl-7">
         <path>.\application\</path>
         <kind>object</kind>
         <file>offset.obj</file>
         <name>offset.obj</name>
      </input_file>
      <input_file id="fl-8">
         <path>.\application\</path>
         <kind>object</kind>
         <file>variables.obj</file>
         <name>variables.obj</name>
      </input_file>
      <input_file id="fl-9">
         <path>.\device\</path>
         <kind>object</kind>
         <file>F2837xS_Adc.obj</file>
         <name>F2837xS_Adc.obj</name>
      </input_file>
      <input_file id="fl-a">
         <path>.\device\</path>
         <kind>object</kind>
         <file>F2837xS_CodeStartBranch.obj</file>
         <name>F2837xS_CodeStartBranch.obj</name>
      </input_file>
      <input_file id="fl-b">
         <path>.\device\</path>
         <kind>object</kind>
         <file>F2837xS_CpuTimers.obj</file>
         <name>F2837xS_CpuTimers.obj</name>
      </input_file>
      <input_file id="fl-c">
         <path>.\device\</path>
         <kind>object</kind>
         <file>F2837xS_DBGIER.obj</file>
         <name>F2837xS_DBGIER.obj</name>
      </input_file>
      <input_file id="fl-d">
         <path>.\device\</path>
         <kind>object</kind>
         <file>F2837xS_DefaultISR.obj</file>
         <name>F2837xS_DefaultISR.obj</name>
      </input_file>
      <input_file id="fl-e">
         <path>.\device\</path>
         <kind>object</kind>
         <file>F2837xS_EPwm.obj</file>
         <name>F2837xS_EPwm.obj</name>
      </input_file>
      <input_file id="fl-f">
         <path>.\device\</path>
         <kind>object</kind>
         <file>F2837xS_EQep.obj</file>
         <name>F2837xS_EQep.obj</name>
      </input_file>
      <input_file id="fl-10">
         <path>.\device\</path>
         <kind>object</kind>
         <file>F2837xS_GlobalVariableDefs.obj</file>
         <name>F2837xS_GlobalVariableDefs.obj</name>
      </input_file>
      <input_file id="fl-11">
         <path>.\device\</path>
         <kind>object</kind>
         <file>F2837xS_Gpio.obj</file>
         <name>F2837xS_Gpio.obj</name>
      </input_file>
      <input_file id="fl-12">
         <path>.\device\</path>
         <kind>object</kind>
         <file>F2837xS_PieCtrl.obj</file>
         <name>F2837xS_PieCtrl.obj</name>
      </input_file>
      <input_file id="fl-13">
         <path>.\device\</path>
         <kind>object</kind>
         <file>F2837xS_PieVect.obj</file>
         <name>F2837xS_PieVect.obj</name>
      </input_file>
      <input_file id="fl-14">
         <path>.\device\</path>
         <kind>object</kind>
         <file>F2837xS_SysCtrl.obj</file>
         <name>F2837xS_SysCtrl.obj</name>
      </input_file>
      <input_file id="fl-15">
         <path>.\device\</path>
         <kind>object</kind>
         <file>F2837xS_Upp.obj</file>
         <name>F2837xS_Upp.obj</name>
      </input_file>
      <input_file id="fl-16">
         <path>.\device\</path>
         <kind>object</kind>
         <file>F2837xS_usDelay.obj</file>
         <name>F2837xS_usDelay.obj</name>
      </input_file>
      <input_file id="fl-17">
         <path>.\device\</path>
         <kind>object</kind>
         <file>device.obj</file>
         <name>device.obj</name>
      </input_file>
      <input_file id="fl-18">
         <path>.\easydsp\</path>
         <kind>object</kind>
         <file>RingBuff.obj</file>
         <name>RingBuff.obj</name>
      </input_file>
      <input_file id="fl-19">
         <path>.\easydsp\</path>
         <kind>object</kind>
         <file>easy2837xS_sci_v8.5.obj</file>
         <name>easy2837xS_sci_v8.5.obj</name>
      </input_file>
      <input_file id="fl-1f">
         <kind>object</kind>
         <file>&lt;internal&gt;</file>
         <name>&lt;internal&gt;</name>
      </input_file>
      <input_file id="fl-2b">
         <path>C:\ti\ccs2020\ti-cgt-c2000_20.2.7.LTS\lib\</path>
         <kind>archive</kind>
         <file>rts2800_fpu32_eabi.lib</file>
         <name>boot28.asm.obj</name>
      </input_file>
      <input_file id="fl-2c">
         <path>C:\ti\ccs2020\ti-cgt-c2000_20.2.7.LTS\lib\</path>
         <kind>archive</kind>
         <file>rts2800_fpu32_eabi.lib</file>
         <name>fd_add28.asm.obj</name>
      </input_file>
      <input_file id="fl-2d">
         <path>C:\ti\ccs2020\ti-cgt-c2000_20.2.7.LTS\lib\</path>
         <kind>archive</kind>
         <file>rts2800_fpu32_eabi.lib</file>
         <name>fd_cmp28.asm.obj</name>
      </input_file>
      <input_file id="fl-2e">
         <path>C:\ti\ccs2020\ti-cgt-c2000_20.2.7.LTS\lib\</path>
         <kind>archive</kind>
         <file>rts2800_fpu32_eabi.lib</file>
         <name>fd_mpy28.asm.obj</name>
      </input_file>
      <input_file id="fl-2f">
         <path>C:\ti\ccs2020\ti-cgt-c2000_20.2.7.LTS\lib\</path>
         <kind>archive</kind>
         <file>rts2800_fpu32_eabi.lib</file>
         <name>fd_sub28.asm.obj</name>
      </input_file>
      <input_file id="fl-30">
         <path>C:\ti\ccs2020\ti-cgt-c2000_20.2.7.LTS\lib\</path>
         <kind>archive</kind>
         <file>rts2800_fpu32_eabi.lib</file>
         <name>fd_toi28.asm.obj</name>
      </input_file>
      <input_file id="fl-31">
         <path>C:\ti\ccs2020\ti-cgt-c2000_20.2.7.LTS\lib\</path>
         <kind>archive</kind>
         <file>rts2800_fpu32_eabi.lib</file>
         <name>fd_tou28.asm.obj</name>
      </input_file>
      <input_file id="fl-32">
         <path>C:\ti\ccs2020\ti-cgt-c2000_20.2.7.LTS\lib\</path>
         <kind>archive</kind>
         <file>rts2800_fpu32_eabi.lib</file>
         <name>fd_toul28.asm.obj</name>
      </input_file>
      <input_file id="fl-33">
         <path>C:\ti\ccs2020\ti-cgt-c2000_20.2.7.LTS\lib\</path>
         <kind>archive</kind>
         <file>rts2800_fpu32_eabi.lib</file>
         <name>fs_div28.asm.obj</name>
      </input_file>
      <input_file id="fl-34">
         <path>C:\ti\ccs2020\ti-cgt-c2000_20.2.7.LTS\lib\</path>
         <kind>archive</kind>
         <file>rts2800_fpu32_eabi.lib</file>
         <name>ll_aox28.asm.obj</name>
      </input_file>
      <input_file id="fl-35">
         <path>C:\ti\ccs2020\ti-cgt-c2000_20.2.7.LTS\lib\</path>
         <kind>archive</kind>
         <file>rts2800_fpu32_eabi.lib</file>
         <name>ll_cmp28.asm.obj</name>
      </input_file>
      <input_file id="fl-36">
         <path>C:\ti\ccs2020\ti-cgt-c2000_20.2.7.LTS\lib\</path>
         <kind>archive</kind>
         <file>rts2800_fpu32_eabi.lib</file>
         <name>i_tofd28.asm.obj</name>
      </input_file>
      <input_file id="fl-37">
         <path>C:\ti\ccs2020\ti-cgt-c2000_20.2.7.LTS\lib\</path>
         <kind>archive</kind>
         <file>rts2800_fpu32_eabi.lib</file>
         <name>u_tofd28.asm.obj</name>
      </input_file>
      <input_file id="fl-38">
         <path>C:\ti\ccs2020\ti-cgt-c2000_20.2.7.LTS\lib\</path>
         <kind>archive</kind>
         <file>rts2800_fpu32_eabi.lib</file>
         <name>ul_tofd28.asm.obj</name>
      </input_file>
      <input_file id="fl-39">
         <path>C:\ti\ccs2020\ti-cgt-c2000_20.2.7.LTS\lib\</path>
         <kind>archive</kind>
         <file>rts2800_fpu32_eabi.lib</file>
         <name>fs_tofdfpu32.asm.obj</name>
      </input_file>
      <input_file id="fl-3a">
         <path>C:\ti\ccs2020\ti-cgt-c2000_20.2.7.LTS\lib\</path>
         <kind>archive</kind>
         <file>rts2800_fpu32_eabi.lib</file>
         <name>fd_tofsfpu32.asm.obj</name>
      </input_file>
      <input_file id="fl-3b">
         <path>C:\ti\ccs2020\ti-cgt-c2000_20.2.7.LTS\lib\</path>
         <kind>archive</kind>
         <file>rts2800_fpu32_eabi.lib</file>
         <name>fd_div28.asm.obj</name>
      </input_file>
      <input_file id="fl-3c">
         <path>C:\ti\ccs2020\ti-cgt-c2000_20.2.7.LTS\lib\</path>
         <kind>archive</kind>
         <file>rts2800_fpu32_eabi.lib</file>
         <name>pre_init.c.obj</name>
      </input_file>
      <input_file id="fl-3d">
         <path>C:\ti\ccs2020\ti-cgt-c2000_20.2.7.LTS\lib\</path>
         <kind>archive</kind>
         <file>rts2800_fpu32_eabi.lib</file>
         <name>autoinit.c.obj</name>
      </input_file>
      <input_file id="fl-3e">
         <path>C:\ti\ccs2020\ti-cgt-c2000_20.2.7.LTS\lib\</path>
         <kind>archive</kind>
         <file>rts2800_fpu32_eabi.lib</file>
         <name>copy_zero_init.c.obj</name>
      </input_file>
      <input_file id="fl-3f">
         <path>C:\ti\ccs2020\ti-cgt-c2000_20.2.7.LTS\lib\</path>
         <kind>archive</kind>
         <file>rts2800_fpu32_eabi.lib</file>
         <name>copy_decompress_none.c.obj</name>
      </input_file>
      <input_file id="fl-40">
         <path>C:\ti\ccs2020\ti-cgt-c2000_20.2.7.LTS\lib\</path>
         <kind>archive</kind>
         <file>rts2800_fpu32_eabi.lib</file>
         <name>copy_decompress_lzss.c.obj</name>
      </input_file>
      <input_file id="fl-41">
         <path>C:\ti\ccs2020\ti-cgt-c2000_20.2.7.LTS\lib\</path>
         <kind>archive</kind>
         <file>rts2800_fpu32_eabi.lib</file>
         <name>exit.c.obj</name>
      </input_file>
      <input_file id="fl-42">
         <path>C:\ti\ccs2020\ti-cgt-c2000_20.2.7.LTS\lib\</path>
         <kind>archive</kind>
         <file>rts2800_fpu32_eabi.lib</file>
         <name>_lock.c.obj</name>
      </input_file>
      <input_file id="fl-43">
         <path>C:\ti\ccs2020\ti-cgt-c2000_20.2.7.LTS\lib\</path>
         <kind>archive</kind>
         <file>rts2800_fpu32_eabi.lib</file>
         <name>args_main.c.obj</name>
      </input_file>
      <input_file id="fl-44">
         <path>C:\ti\ccs2020\ti-cgt-c2000_20.2.7.LTS\lib\</path>
         <kind>archive</kind>
         <file>rts2800_fpu32_eabi.lib</file>
         <name>memset.c.obj</name>
      </input_file>
      <input_file id="fl-45">
         <path>C:\ti\ccs2020\ti-cgt-c2000_20.2.7.LTS\lib\</path>
         <kind>archive</kind>
         <file>rts2800_fpu32_eabi.lib</file>
         <name>cpy_tbl.c.obj</name>
      </input_file>
      <input_file id="fl-46">
         <path>C:\ti\ccs2020\ti-cgt-c2000_20.2.7.LTS\lib\</path>
         <kind>archive</kind>
         <file>rts2800_fpu32_eabi.lib</file>
         <name>memcpy.c.obj</name>
      </input_file>
      <input_file id="fl-47">
         <path>C:\ti\ccs2020\ti-cgt-c2000_20.2.7.LTS\lib\</path>
         <kind>archive</kind>
         <file>rts2800_fpu32_eabi.lib</file>
         <name>startup.c.obj</name>
      </input_file>
   </input_file_list>
   <object_component_list>
      <object_component id="oc-9b">
         <name>.text</name>
         <load_address>0x500</load_address>
         <run_address>0x500</run_address>
         <size>0x2fd</size>
         <input_file_ref idref="fl-2"/>
      </object_component>
      <object_component id="oc-d8">
         <name>.text</name>
         <load_address>0x7fd</load_address>
         <run_address>0x7fd</run_address>
         <size>0x2</size>
         <input_file_ref idref="fl-3c"/>
      </object_component>
      <object_component id="oc-30c">
         <name>.text</name>
         <load_address>0x7ff</load_address>
         <run_address>0x7ff</run_address>
         <size>0x1</size>
         <input_file_ref idref="fl-47"/>
      </object_component>
      <object_component id="oc-ac">
         <name>.text:retain</name>
         <load_address>0xb800</load_address>
         <run_address>0xb800</run_address>
         <size>0x74d</size>
         <input_file_ref idref="fl-d"/>
      </object_component>
      <object_component id="oc-11a">
         <name>.text</name>
         <load_address>0xbf4d</load_address>
         <run_address>0xbf4d</run_address>
         <size>0x9c</size>
         <input_file_ref idref="fl-2c"/>
      </object_component>
      <object_component id="oc-89">
         <name>.text</name>
         <load_address>0xbfe9</load_address>
         <run_address>0xbfe9</run_address>
         <size>0x17</size>
         <input_file_ref idref="fl-2b"/>
      </object_component>
      <object_component id="oc-94">
         <name>.text:retain</name>
         <load_address>0xc2cc</load_address>
         <run_address>0xc2cc</run_address>
         <size>0x650</size>
         <input_file_ref idref="fl-3"/>
      </object_component>
      <object_component id="oc-16b">
         <name>.text</name>
         <load_address>0xc91c</load_address>
         <run_address>0xc91c</run_address>
         <size>0x495</size>
         <input_file_ref idref="fl-14"/>
      </object_component>
      <object_component id="oc-242">
         <name>.text</name>
         <load_address>0xcdb1</load_address>
         <run_address>0xcdb1</run_address>
         <size>0x1dd</size>
         <input_file_ref idref="fl-17"/>
      </object_component>
      <object_component id="oc-b7">
         <name>.text</name>
         <load_address>0xcf8e</load_address>
         <run_address>0xcf8e</run_address>
         <size>0x50</size>
         <input_file_ref idref="fl-19"/>
      </object_component>
      <object_component id="oc-12a">
         <name>.text</name>
         <load_address>0xcfde</load_address>
         <run_address>0xcfde</run_address>
         <size>0x21</size>
         <input_file_ref idref="fl-30"/>
      </object_component>
      <object_component id="oc-177">
         <name>.text</name>
         <load_address>0xd000</load_address>
         <run_address>0xd000</run_address>
         <size>0x408</size>
         <input_file_ref idref="fl-11"/>
      </object_component>
      <object_component id="oc-b5">
         <name>.text:retain</name>
         <load_address>0xd408</load_address>
         <run_address>0xd408</run_address>
         <size>0x3c5</size>
         <input_file_ref idref="fl-19"/>
      </object_component>
      <object_component id="oc-183">
         <name>.text</name>
         <load_address>0xd7cd</load_address>
         <run_address>0xd7cd</run_address>
         <size>0x3a4</size>
         <input_file_ref idref="fl-e"/>
      </object_component>
      <object_component id="oc-17d">
         <name>.text</name>
         <load_address>0xdb71</load_address>
         <run_address>0xdb71</run_address>
         <size>0x308</size>
         <input_file_ref idref="fl-9"/>
      </object_component>
      <object_component id="oc-195">
         <name>.text</name>
         <load_address>0xde79</load_address>
         <run_address>0xde79</run_address>
         <size>0x154</size>
         <input_file_ref idref="fl-8"/>
      </object_component>
      <object_component id="oc-9a">
         <name>.text:retain</name>
         <load_address>0xdfcd</load_address>
         <run_address>0xdfcd</run_address>
         <size>0x33</size>
         <input_file_ref idref="fl-6"/>
      </object_component>
      <object_component id="oc-fa">
         <name>.text</name>
         <load_address>0xe000</load_address>
         <run_address>0xe000</run_address>
         <size>0x1bf</size>
         <input_file_ref idref="fl-4"/>
      </object_component>
      <object_component id="oc-100">
         <name>.text</name>
         <load_address>0xe1bf</load_address>
         <run_address>0xe1bf</run_address>
         <size>0x18b</size>
         <input_file_ref idref="fl-6"/>
      </object_component>
      <object_component id="oc-f4">
         <name>.text</name>
         <load_address>0xe34a</load_address>
         <run_address>0xe34a</run_address>
         <size>0xbf</size>
         <input_file_ref idref="fl-3"/>
      </object_component>
      <object_component id="oc-1af">
         <name>.text</name>
         <load_address>0xe409</load_address>
         <run_address>0xe409</run_address>
         <size>0x8b</size>
         <input_file_ref idref="fl-3b"/>
      </object_component>
      <object_component id="oc-171">
         <name>.text</name>
         <load_address>0xe494</load_address>
         <run_address>0xe494</run_address>
         <size>0x8a</size>
         <input_file_ref idref="fl-b"/>
      </object_component>
      <object_component id="oc-28f">
         <name>.text</name>
         <load_address>0xe51e</load_address>
         <run_address>0xe51e</run_address>
         <size>0x88</size>
         <input_file_ref idref="fl-33"/>
      </object_component>
      <object_component id="oc-1d6">
         <name>.text</name>
         <load_address>0xe5a6</load_address>
         <run_address>0xe5a6</run_address>
         <size>0x84</size>
         <input_file_ref idref="fl-18"/>
      </object_component>
      <object_component id="oc-10f">
         <name>.text</name>
         <load_address>0xe62a</load_address>
         <run_address>0xe62a</run_address>
         <size>0x83</size>
         <input_file_ref idref="fl-2e"/>
      </object_component>
      <object_component id="oc-124">
         <name>.text</name>
         <load_address>0xe6ad</load_address>
         <run_address>0xe6ad</run_address>
         <size>0x78</size>
         <input_file_ref idref="fl-5"/>
      </object_component>
      <object_component id="oc-a6">
         <name>.text:retain</name>
         <load_address>0xe725</load_address>
         <run_address>0xe725</run_address>
         <size>0x78</size>
         <input_file_ref idref="fl-7"/>
      </object_component>
      <object_component id="oc-7c">
         <name>.text:decompress:lzss</name>
         <load_address>0xe79d</load_address>
         <run_address>0xe79d</run_address>
         <size>0x31</size>
         <input_file_ref idref="fl-40"/>
      </object_component>
      <object_component id="oc-1ff">
         <name>.text:__TI_auto_init_nobinit_nopinit</name>
         <load_address>0xe7ce</load_address>
         <run_address>0xe7ce</run_address>
         <size>0x2b</size>
         <input_file_ref idref="fl-3d"/>
      </object_component>
      <object_component id="oc-11f">
         <name>.text</name>
         <load_address>0xe7f9</load_address>
         <run_address>0xe7f9</run_address>
         <size>0x2a</size>
         <input_file_ref idref="fl-2d"/>
      </object_component>
      <object_component id="oc-e5">
         <name>.text</name>
         <load_address>0xe823</load_address>
         <run_address>0xe823</run_address>
         <size>0x29</size>
         <input_file_ref idref="fl-41"/>
      </object_component>
      <object_component id="oc-189">
         <name>.text</name>
         <load_address>0xe84c</load_address>
         <run_address>0xe84c</run_address>
         <size>0x28</size>
         <input_file_ref idref="fl-12"/>
      </object_component>
      <object_component id="oc-18f">
         <name>.text</name>
         <load_address>0xe874</load_address>
         <run_address>0xe874</run_address>
         <size>0x26</size>
         <input_file_ref idref="fl-13"/>
      </object_component>
      <object_component id="oc-134">
         <name>.text</name>
         <load_address>0xe89a</load_address>
         <run_address>0xe89a</run_address>
         <size>0x23</size>
         <input_file_ref idref="fl-3a"/>
      </object_component>
      <object_component id="oc-1e1">
         <name>.text</name>
         <load_address>0xe8bd</load_address>
         <run_address>0xe8bd</run_address>
         <size>0x1e</size>
         <input_file_ref idref="fl-35"/>
      </object_component>
      <object_component id="oc-1a1">
         <name>.text</name>
         <load_address>0xe8db</load_address>
         <run_address>0xe8db</run_address>
         <size>0x1d</size>
         <input_file_ref idref="fl-36"/>
      </object_component>
      <object_component id="oc-c4">
         <name>.text</name>
         <load_address>0xe8f8</load_address>
         <run_address>0xe8f8</run_address>
         <size>0x1d</size>
         <input_file_ref idref="fl-46"/>
      </object_component>
      <object_component id="oc-294">
         <name>.text</name>
         <load_address>0xe915</load_address>
         <run_address>0xe915</run_address>
         <size>0x1c</size>
         <input_file_ref idref="fl-39"/>
      </object_component>
      <object_component id="oc-1c5">
         <name>.text</name>
         <load_address>0xe931</load_address>
         <run_address>0xe931</run_address>
         <size>0x1a</size>
         <input_file_ref idref="fl-31"/>
      </object_component>
      <object_component id="oc-1dc">
         <name>.text</name>
         <load_address>0xe94b</load_address>
         <run_address>0xe94b</run_address>
         <size>0x18</size>
         <input_file_ref idref="fl-34"/>
      </object_component>
      <object_component id="oc-19c">
         <name>.text</name>
         <load_address>0xe963</load_address>
         <run_address>0xe963</run_address>
         <size>0x17</size>
         <input_file_ref idref="fl-37"/>
      </object_component>
      <object_component id="oc-12f">
         <name>.text</name>
         <load_address>0xe97a</load_address>
         <run_address>0xe97a</run_address>
         <size>0x16</size>
         <input_file_ref idref="fl-38"/>
      </object_component>
      <object_component id="oc-8e">
         <name>.text:retain</name>
         <load_address>0xe990</load_address>
         <run_address>0xe990</run_address>
         <size>0x15</size>
         <input_file_ref idref="fl-2"/>
      </object_component>
      <object_component id="oc-114">
         <name>.text</name>
         <load_address>0xe9a5</load_address>
         <run_address>0xe9a5</run_address>
         <size>0xe</size>
         <input_file_ref idref="fl-2f"/>
      </object_component>
      <object_component id="oc-df">
         <name>.text</name>
         <load_address>0xe9b3</load_address>
         <run_address>0xe9b3</run_address>
         <size>0xc</size>
         <input_file_ref idref="fl-43"/>
      </object_component>
      <object_component id="oc-326">
         <name>.text</name>
         <load_address>0xe9bf</load_address>
         <run_address>0xe9bf</run_address>
         <size>0x9</size>
         <input_file_ref idref="fl-42"/>
      </object_component>
      <object_component id="oc-82">
         <name>.text:decompress:none</name>
         <load_address>0xe9c8</load_address>
         <run_address>0xe9c8</run_address>
         <size>0x8</size>
         <input_file_ref idref="fl-3f"/>
      </object_component>
      <object_component id="oc-1f6">
         <name>.text</name>
         <load_address>0xe9d0</load_address>
         <run_address>0xe9d0</run_address>
         <size>0x7</size>
         <input_file_ref idref="fl-44"/>
      </object_component>
      <object_component id="oc-d2">
         <name>.text:decompress:ZI</name>
         <load_address>0xe9d7</load_address>
         <run_address>0xe9d7</run_address>
         <size>0x6</size>
         <input_file_ref idref="fl-3e"/>
      </object_component>
      <object_component id="oc-453">
         <name>.cinit..data.load</name>
         <load_address>0xe9e0</load_address>
         <run_address>0xe9e0</run_address>
         <size>0x63</size>
      </object_component>
      <object_component id="oc-431">
         <name>__TI_handler_table</name>
         <load_address>0xea44</load_address>
         <run_address>0xea44</run_address>
         <size>0x6</size>
      </object_component>
      <object_component id="oc-452">
         <name>.cinit..bss.load</name>
         <load_address>0xea4a</load_address>
         <run_address>0xea4a</run_address>
         <size>0x4</size>
      </object_component>
      <object_component id="oc-436">
         <name>.cinit.AdcaRegsFile.load</name>
         <load_address>0xea4e</load_address>
         <run_address>0xea4e</run_address>
         <size>0x4</size>
      </object_component>
      <object_component id="oc-434">
         <name>.cinit.AdcaResultFile.load</name>
         <load_address>0xea52</load_address>
         <run_address>0xea52</run_address>
         <size>0x4</size>
      </object_component>
      <object_component id="oc-437">
         <name>.cinit.AdcbRegsFile.load</name>
         <load_address>0xea56</load_address>
         <run_address>0xea56</run_address>
         <size>0x4</size>
      </object_component>
      <object_component id="oc-438">
         <name>.cinit.AdccRegsFile.load</name>
         <load_address>0xea5a</load_address>
         <run_address>0xea5a</run_address>
         <size>0x4</size>
      </object_component>
      <object_component id="oc-439">
         <name>.cinit.AdcdRegsFile.load</name>
         <load_address>0xea5e</load_address>
         <run_address>0xea5e</run_address>
         <size>0x4</size>
      </object_component>
      <object_component id="oc-435">
         <name>.cinit.AdcdResultFile.load</name>
         <load_address>0xea62</load_address>
         <run_address>0xea62</run_address>
         <size>0x4</size>
      </object_component>
      <object_component id="oc-43a">
         <name>.cinit.AnalogSubsysRegsFile.load</name>
         <load_address>0xea66</load_address>
         <run_address>0xea66</run_address>
         <size>0x4</size>
      </object_component>
      <object_component id="oc-44d">
         <name>.cinit.ClkCfgRegsFile.load</name>
         <load_address>0xea6a</load_address>
         <run_address>0xea6a</run_address>
         <size>0x4</size>
      </object_component>
      <object_component id="oc-44e">
         <name>.cinit.CpuSysRegsFile.load</name>
         <load_address>0xea6e</load_address>
         <run_address>0xea6e</run_address>
         <size>0x4</size>
      </object_component>
      <object_component id="oc-43b">
         <name>.cinit.CpuTimer0RegsFile.load</name>
         <load_address>0xea72</load_address>
         <run_address>0xea72</run_address>
         <size>0x4</size>
      </object_component>
      <object_component id="oc-43c">
         <name>.cinit.CpuTimer1RegsFile.load</name>
         <load_address>0xea76</load_address>
         <run_address>0xea76</run_address>
         <size>0x4</size>
      </object_component>
      <object_component id="oc-43d">
         <name>.cinit.CpuTimer2RegsFile.load</name>
         <load_address>0xea7a</load_address>
         <run_address>0xea7a</run_address>
         <size>0x4</size>
      </object_component>
      <object_component id="oc-43e">
         <name>.cinit.DcsmZ1RegsFile.load</name>
         <load_address>0xea7e</load_address>
         <run_address>0xea7e</run_address>
         <size>0x4</size>
      </object_component>
      <object_component id="oc-43f">
         <name>.cinit.DcsmZ2RegsFile.load</name>
         <load_address>0xea82</load_address>
         <run_address>0xea82</run_address>
         <size>0x4</size>
      </object_component>
      <object_component id="oc-44c">
         <name>.cinit.DevCfgRegsFile.load</name>
         <load_address>0xea86</load_address>
         <run_address>0xea86</run_address>
         <size>0x4</size>
      </object_component>
      <object_component id="oc-440">
         <name>.cinit.ECap2RegsFile.load</name>
         <load_address>0xea8a</load_address>
         <run_address>0xea8a</run_address>
         <size>0x4</size>
      </object_component>
      <object_component id="oc-441">
         <name>.cinit.EPwm1RegsFile.load</name>
         <load_address>0xea8e</load_address>
         <run_address>0xea8e</run_address>
         <size>0x4</size>
      </object_component>
      <object_component id="oc-442">
         <name>.cinit.EPwm2RegsFile.load</name>
         <load_address>0xea92</load_address>
         <run_address>0xea92</run_address>
         <size>0x4</size>
      </object_component>
      <object_component id="oc-443">
         <name>.cinit.EPwm7RegsFile.load</name>
         <load_address>0xea96</load_address>
         <run_address>0xea96</run_address>
         <size>0x4</size>
      </object_component>
      <object_component id="oc-444">
         <name>.cinit.EPwm8RegsFile.load</name>
         <load_address>0xea9a</load_address>
         <run_address>0xea9a</run_address>
         <size>0x4</size>
      </object_component>
      <object_component id="oc-445">
         <name>.cinit.EPwm9RegsFile.load</name>
         <load_address>0xea9e</load_address>
         <run_address>0xea9e</run_address>
         <size>0x4</size>
      </object_component>
      <object_component id="oc-449">
         <name>.cinit.FlashPumpSemaphoreRegsFile.load</name>
         <load_address>0xeaa2</load_address>
         <run_address>0xeaa2</run_address>
         <size>0x4</size>
      </object_component>
      <object_component id="oc-446">
         <name>.cinit.GpioCtrlRegsFile.load</name>
         <load_address>0xeaa6</load_address>
         <run_address>0xeaa6</run_address>
         <size>0x4</size>
      </object_component>
      <object_component id="oc-447">
         <name>.cinit.GpioDataRegsFile.load</name>
         <load_address>0xeaaa</load_address>
         <run_address>0xeaaa</run_address>
         <size>0x4</size>
      </object_component>
      <object_component id="oc-448">
         <name>.cinit.InputXbarRegsFile.load</name>
         <load_address>0xeaae</load_address>
         <run_address>0xeaae</run_address>
         <size>0x4</size>
      </object_component>
      <object_component id="oc-44a">
         <name>.cinit.PieCtrlRegsFile.load</name>
         <load_address>0xeab2</load_address>
         <run_address>0xeab2</run_address>
         <size>0x4</size>
      </object_component>
      <object_component id="oc-433">
         <name>.cinit.PieVectTableFile.load</name>
         <load_address>0xeab6</load_address>
         <run_address>0xeab6</run_address>
         <size>0x4</size>
      </object_component>
      <object_component id="oc-44b">
         <name>.cinit.SciaRegsFile.load</name>
         <load_address>0xeaba</load_address>
         <run_address>0xeaba</run_address>
         <size>0x4</size>
      </object_component>
      <object_component id="oc-44f">
         <name>.cinit.SyncSocRegsFile.load</name>
         <load_address>0xeabe</load_address>
         <run_address>0xeabe</run_address>
         <size>0x4</size>
      </object_component>
      <object_component id="oc-450">
         <name>.cinit.WdRegsFile.load</name>
         <load_address>0xeac2</load_address>
         <run_address>0xeac2</run_address>
         <size>0x4</size>
      </object_component>
      <object_component id="oc-451">
         <name>.cinit.XintRegsFile.load</name>
         <load_address>0xeac6</load_address>
         <run_address>0xeac6</run_address>
         <size>0x4</size>
      </object_component>
      <object_component id="oc-432">
         <name>__TI_cinit_table</name>
         <load_address>0xeacc</load_address>
         <run_address>0xeacc</run_address>
         <size>0x84</size>
      </object_component>
      <object_component id="oc-c1">
         <name>.stack</name>
         <uninitialized>true</uninitialized>
         <run_address>0x400</run_address>
         <size>0x0</size>
         <input_file_ref idref="fl-2b"/>
      </object_component>
      <object_component id="oc-454">
         <name>.stack</name>
         <uninitialized>true</uninitialized>
         <run_address>0x400</run_address>
         <size>0x0</size>
      </object_component>
      <object_component id="oc-153">
         <name>PieVectTableFile</name>
         <uninitialized>true</uninitialized>
         <run_address>0xd00</run_address>
         <size>0x1c0</size>
         <input_file_ref idref="fl-10"/>
      </object_component>
      <object_component id="oc-1bc">
         <name>AdcaResultFile</name>
         <uninitialized>true</uninitialized>
         <run_address>0xb00</run_address>
         <size>0x18</size>
         <input_file_ref idref="fl-10"/>
      </object_component>
      <object_component id="oc-1b4">
         <name>AdcdResultFile</name>
         <uninitialized>true</uninitialized>
         <run_address>0xb60</run_address>
         <size>0x18</size>
         <input_file_ref idref="fl-10"/>
      </object_component>
      <object_component id="oc-1bf">
         <name>AdcaRegsFile</name>
         <uninitialized>true</uninitialized>
         <run_address>0x7400</run_address>
         <size>0x7c</size>
         <input_file_ref idref="fl-10"/>
      </object_component>
      <object_component id="oc-2be">
         <name>AdcbRegsFile</name>
         <uninitialized>true</uninitialized>
         <run_address>0x7480</run_address>
         <size>0x7c</size>
         <input_file_ref idref="fl-10"/>
      </object_component>
      <object_component id="oc-2c1">
         <name>AdccRegsFile</name>
         <uninitialized>true</uninitialized>
         <run_address>0x7500</run_address>
         <size>0x7c</size>
         <input_file_ref idref="fl-10"/>
      </object_component>
      <object_component id="oc-ec">
         <name>AdcdRegsFile</name>
         <uninitialized>true</uninitialized>
         <run_address>0x7580</run_address>
         <size>0x7c</size>
         <input_file_ref idref="fl-10"/>
      </object_component>
      <object_component id="oc-29a">
         <name>AnalogSubsysRegsFile</name>
         <uninitialized>true</uninitialized>
         <run_address>0x5d180</run_address>
         <size>0x3e</size>
         <input_file_ref idref="fl-10"/>
      </object_component>
      <object_component id="oc-2b4">
         <name>CpuTimer0RegsFile</name>
         <uninitialized>true</uninitialized>
         <run_address>0xc00</run_address>
         <size>0x8</size>
         <input_file_ref idref="fl-10"/>
      </object_component>
      <object_component id="oc-2a6">
         <name>CpuTimer1RegsFile</name>
         <uninitialized>true</uninitialized>
         <run_address>0xc08</run_address>
         <size>0x8</size>
         <input_file_ref idref="fl-10"/>
      </object_component>
      <object_component id="oc-2a9">
         <name>CpuTimer2RegsFile</name>
         <uninitialized>true</uninitialized>
         <run_address>0xc10</run_address>
         <size>0x8</size>
         <input_file_ref idref="fl-10"/>
      </object_component>
      <object_component id="oc-2ac">
         <name>DcsmZ1RegsFile</name>
         <uninitialized>true</uninitialized>
         <run_address>0x5f000</run_address>
         <size>0x22</size>
         <input_file_ref idref="fl-10"/>
      </object_component>
      <object_component id="oc-2af">
         <name>DcsmZ2RegsFile</name>
         <uninitialized>true</uninitialized>
         <run_address>0x5f040</run_address>
         <size>0x22</size>
         <input_file_ref idref="fl-10"/>
      </object_component>
      <object_component id="oc-15f">
         <name>ECap2RegsFile</name>
         <uninitialized>true</uninitialized>
         <run_address>0x5020</run_address>
         <size>0x1a</size>
         <input_file_ref idref="fl-10"/>
      </object_component>
      <object_component id="oc-142">
         <name>EPwm1RegsFile</name>
         <uninitialized>true</uninitialized>
         <run_address>0x4000</run_address>
         <size>0x100</size>
         <input_file_ref idref="fl-10"/>
      </object_component>
      <object_component id="oc-145">
         <name>EPwm2RegsFile</name>
         <uninitialized>true</uninitialized>
         <run_address>0x4100</run_address>
         <size>0x100</size>
         <input_file_ref idref="fl-10"/>
      </object_component>
      <object_component id="oc-13f">
         <name>EPwm7RegsFile</name>
         <uninitialized>true</uninitialized>
         <run_address>0x4600</run_address>
         <size>0x100</size>
         <input_file_ref idref="fl-10"/>
      </object_component>
      <object_component id="oc-14d">
         <name>EPwm8RegsFile</name>
         <uninitialized>true</uninitialized>
         <run_address>0x4700</run_address>
         <size>0x100</size>
         <input_file_ref idref="fl-10"/>
      </object_component>
      <object_component id="oc-150">
         <name>EPwm9RegsFile</name>
         <uninitialized>true</uninitialized>
         <run_address>0x4800</run_address>
         <size>0x100</size>
         <input_file_ref idref="fl-10"/>
      </object_component>
      <object_component id="oc-1e6">
         <name>GpioCtrlRegsFile</name>
         <uninitialized>true</uninitialized>
         <run_address>0x7c00</run_address>
         <size>0x180</size>
         <input_file_ref idref="fl-10"/>
      </object_component>
      <object_component id="oc-148">
         <name>GpioDataRegsFile</name>
         <uninitialized>true</uninitialized>
         <run_address>0x7f00</run_address>
         <size>0x30</size>
         <input_file_ref idref="fl-10"/>
      </object_component>
      <object_component id="oc-156">
         <name>InputXbarRegsFile</name>
         <uninitialized>true</uninitialized>
         <run_address>0x7900</run_address>
         <size>0x20</size>
         <input_file_ref idref="fl-10"/>
      </object_component>
      <object_component id="oc-29d">
         <name>FlashPumpSemaphoreRegsFile</name>
         <uninitialized>true</uninitialized>
         <run_address>0x50024</run_address>
         <size>0x2</size>
         <input_file_ref idref="fl-10"/>
      </object_component>
      <object_component id="oc-ef">
         <name>PieCtrlRegsFile</name>
         <uninitialized>true</uninitialized>
         <run_address>0xce0</run_address>
         <size>0x1a</size>
         <input_file_ref idref="fl-10"/>
      </object_component>
      <object_component id="oc-1d0">
         <name>SciaRegsFile</name>
         <uninitialized>true</uninitialized>
         <run_address>0x7200</run_address>
         <size>0x10</size>
         <input_file_ref idref="fl-10"/>
      </object_component>
      <object_component id="oc-2a3">
         <name>DevCfgRegsFile</name>
         <uninitialized>true</uninitialized>
         <run_address>0x5d000</run_address>
         <size>0x12e</size>
         <input_file_ref idref="fl-10"/>
      </object_component>
      <object_component id="oc-2a0">
         <name>ClkCfgRegsFile</name>
         <uninitialized>true</uninitialized>
         <run_address>0x5d200</run_address>
         <size>0x32</size>
         <input_file_ref idref="fl-10"/>
      </object_component>
      <object_component id="oc-15c">
         <name>CpuSysRegsFile</name>
         <uninitialized>true</uninitialized>
         <run_address>0x5d300</run_address>
         <size>0x82</size>
         <input_file_ref idref="fl-10"/>
      </object_component>
      <object_component id="oc-2c6">
         <name>SyncSocRegsFile</name>
         <uninitialized>true</uninitialized>
         <run_address>0x7940</run_address>
         <size>0x6</size>
         <input_file_ref idref="fl-10"/>
      </object_component>
      <object_component id="oc-162">
         <name>WdRegsFile</name>
         <uninitialized>true</uninitialized>
         <run_address>0x7000</run_address>
         <size>0x2b</size>
         <input_file_ref idref="fl-10"/>
      </object_component>
      <object_component id="oc-159">
         <name>XintRegsFile</name>
         <uninitialized>true</uninitialized>
         <run_address>0x7070</run_address>
         <size>0xb</size>
         <input_file_ref idref="fl-10"/>
      </object_component>
      <object_component id="oc-139">
         <name>.bss</name>
         <uninitialized>true</uninitialized>
         <run_address>0xa832</run_address>
         <size>0x5</size>
         <input_file_ref idref="fl-6"/>
      </object_component>
      <object_component id="oc-13c">
         <name>.bss</name>
         <uninitialized>true</uninitialized>
         <run_address>0xa840</run_address>
         <size>0x32</size>
         <input_file_ref idref="fl-8"/>
      </object_component>
      <object_component id="oc-2b7">
         <name>.bss</name>
         <uninitialized>true</uninitialized>
         <run_address>0xa880</run_address>
         <size>0x18</size>
         <input_file_ref idref="fl-b"/>
      </object_component>
      <object_component id="oc-2f2">
         <name>.bss:ezDSP_ringBuffer</name>
         <uninitialized>true</uninitialized>
         <run_address>0xa800</run_address>
         <size>0x32</size>
         <input_file_ref idref="fl-18"/>
      </object_component>
      <object_component id="oc-b2">
         <name>.const</name>
         <load_address>0xc000</load_address>
         <run_address>0xc000</run_address>
         <size>0x1c0</size>
         <input_file_ref idref="fl-13"/>
      </object_component>
      <object_component id="oc-241">
         <name>.const:.string</name>
         <load_address>0xc1c0</load_address>
         <run_address>0xc1c0</run_address>
         <size>0x48</size>
         <input_file_ref idref="fl-3"/>
      </object_component>
      <object_component id="oc-249">
         <name>.const:.string</name>
         <load_address>0xc208</load_address>
         <run_address>0xc208</run_address>
         <size>0x43</size>
         <input_file_ref idref="fl-4"/>
      </object_component>
      <object_component id="oc-19b">
         <name>.const</name>
         <load_address>0xc24c</load_address>
         <run_address>0xc24c</run_address>
         <size>0x30</size>
         <input_file_ref idref="fl-2"/>
      </object_component>
      <object_component id="oc-2ce">
         <name>.const</name>
         <load_address>0xc27c</load_address>
         <run_address>0xc27c</run_address>
         <size>0x1c</size>
         <input_file_ref idref="fl-8"/>
      </object_component>
      <object_component id="oc-119">
         <name>.const</name>
         <load_address>0xc298</load_address>
         <run_address>0xc298</run_address>
         <size>0x14</size>
         <input_file_ref idref="fl-3"/>
      </object_component>
      <object_component id="oc-335">
         <name>.const:.string</name>
         <load_address>0xc2ac</load_address>
         <run_address>0xc2ac</run_address>
         <size>0x13</size>
         <input_file_ref idref="fl-17"/>
      </object_component>
      <object_component id="oc-299">
         <name>.const</name>
         <load_address>0xc2c0</load_address>
         <run_address>0xc2c0</run_address>
         <size>0x8</size>
         <input_file_ref idref="fl-14"/>
      </object_component>
      <object_component id="oc-1ca">
         <name>.const</name>
         <load_address>0xc2c8</load_address>
         <run_address>0xc2c8</run_address>
         <size>0x4</size>
         <input_file_ref idref="fl-d"/>
      </object_component>
      <object_component id="oc-168">
         <name>.data</name>
         <load_address>0x868c</load_address>
         <run_address>0x868c</run_address>
         <size>0x5</size>
         <input_file_ref idref="fl-2"/>
      </object_component>
      <object_component id="oc-24a">
         <name>.data</name>
         <load_address>0x8680</load_address>
         <run_address>0x8680</run_address>
         <size>0x6</size>
         <input_file_ref idref="fl-4"/>
      </object_component>
      <object_component id="oc-24d">
         <name>.data:da_type</name>
         <load_address>0x8691</load_address>
         <run_address>0x8691</run_address>
         <size>0x4</size>
         <input_file_ref idref="fl-4"/>
      </object_component>
      <object_component id="oc-250">
         <name>.data:da</name>
         <load_address>0x85f8</load_address>
         <run_address>0x85f8</run_address>
         <size>0x8</size>
         <input_file_ref idref="fl-4"/>
      </object_component>
      <object_component id="oc-256">
         <name>.data:da_scale</name>
         <load_address>0x8678</load_address>
         <run_address>0x8678</run_address>
         <size>0x8</size>
         <input_file_ref idref="fl-4"/>
      </object_component>
      <object_component id="oc-253">
         <name>.data:da_mid</name>
         <load_address>0x8670</load_address>
         <run_address>0x8670</run_address>
         <size>0x8</size>
         <input_file_ref idref="fl-4"/>
      </object_component>
      <object_component id="oc-1b7">
         <name>.data</name>
         <load_address>0x869c</load_address>
         <run_address>0x869c</run_address>
         <size>0x2</size>
         <input_file_ref idref="fl-7"/>
      </object_component>
      <object_component id="oc-1a9">
         <name>.data:AdcOffsetAccum</name>
         <load_address>0x8630</load_address>
         <run_address>0x8630</run_address>
         <size>0x28</size>
         <input_file_ref idref="fl-7"/>
      </object_component>
      <object_component id="oc-10c">
         <name>.data</name>
         <load_address>0x8000</load_address>
         <run_address>0x8000</run_address>
         <size>0x55c</size>
         <input_file_ref idref="fl-8"/>
      </object_component>
      <object_component id="oc-165">
         <name>.data:AdcResults</name>
         <load_address>0x85ec</load_address>
         <run_address>0x85ec</run_address>
         <size>0xc</size>
         <input_file_ref idref="fl-8"/>
      </object_component>
      <object_component id="oc-106">
         <name>.data:AdcValues</name>
         <load_address>0x85bc</load_address>
         <run_address>0x85bc</run_address>
         <size>0x30</size>
         <input_file_ref idref="fl-8"/>
      </object_component>
      <object_component id="oc-1ac">
         <name>.data:AdcOffset</name>
         <load_address>0x855c</load_address>
         <run_address>0x855c</run_address>
         <size>0x30</size>
         <input_file_ref idref="fl-8"/>
      </object_component>
      <object_component id="oc-109">
         <name>.data:AdcScale</name>
         <load_address>0x858c</load_address>
         <run_address>0x858c</run_address>
         <size>0x30</size>
         <input_file_ref idref="fl-8"/>
      </object_component>
      <object_component id="oc-1c2">
         <name>.data</name>
         <load_address>0x8600</load_address>
         <run_address>0x8600</run_address>
         <size>0x30</size>
         <input_file_ref idref="fl-d"/>
      </object_component>
      <object_component id="oc-2f5">
         <name>.data</name>
         <load_address>0x8695</load_address>
         <run_address>0x8695</run_address>
         <size>0x3</size>
         <input_file_ref idref="fl-18"/>
      </object_component>
      <object_component id="oc-1d3">
         <name>.data</name>
         <load_address>0x8658</load_address>
         <run_address>0x8658</run_address>
         <size>0x18</size>
         <input_file_ref idref="fl-19"/>
      </object_component>
      <object_component id="oc-231">
         <name>.data</name>
         <load_address>0x8686</load_address>
         <run_address>0x8686</run_address>
         <size>0x6</size>
         <input_file_ref idref="fl-41"/>
      </object_component>
      <object_component id="oc-234">
         <name>.data:_lock</name>
         <load_address>0x8698</load_address>
         <run_address>0x8698</run_address>
         <size>0x2</size>
         <input_file_ref idref="fl-42"/>
      </object_component>
      <object_component id="oc-38a">
         <name>.data:_unlock</name>
         <load_address>0x869a</load_address>
         <run_address>0x869a</run_address>
         <size>0x2</size>
         <input_file_ref idref="fl-42"/>
      </object_component>
      <object_component id="oc-f3">
         <name>.debug_types</name>
         <load_address>0x0</load_address>
         <run_address>0x0</run_address>
         <size>0x1a1cb</size>
         <input_file_ref idref="fl-2"/>
      </object_component>
      <object_component id="oc-14c">
         <name>.debug_types</name>
         <load_address>0x1a1cb</load_address>
         <run_address>0x1a1cb</run_address>
         <size>0x921</size>
         <input_file_ref idref="fl-3"/>
      </object_component>
      <object_component id="oc-25a">
         <name>.debug_types</name>
         <load_address>0x1aaec</load_address>
         <run_address>0x1aaec</run_address>
         <size>0xc1</size>
         <input_file_ref idref="fl-4"/>
      </object_component>
      <object_component id="oc-268">
         <name>.debug_types</name>
         <load_address>0x0</load_address>
         <run_address>0x0</run_address>
         <size>0x0</size>
         <input_file_ref idref="fl-5"/>
      </object_component>
      <object_component id="oc-1a8">
         <name>.debug_types</name>
         <load_address>0x0</load_address>
         <run_address>0x0</run_address>
         <size>0x0</size>
         <input_file_ref idref="fl-6"/>
      </object_component>
      <object_component id="oc-1bb">
         <name>.debug_types</name>
         <load_address>0x1abad</load_address>
         <run_address>0x1abad</run_address>
         <size>0x628</size>
         <input_file_ref idref="fl-7"/>
      </object_component>
      <object_component id="oc-25e">
         <name>.debug_types</name>
         <load_address>0x1b1d5</load_address>
         <run_address>0x1b1d5</run_address>
         <size>0xf9</size>
         <input_file_ref idref="fl-8"/>
      </object_component>
      <object_component id="oc-2c5">
         <name>.debug_types</name>
         <load_address>0x1b2ce</load_address>
         <run_address>0x1b2ce</run_address>
         <size>0x32</size>
         <input_file_ref idref="fl-9"/>
      </object_component>
      <object_component id="oc-2bb">
         <name>.debug_types</name>
         <load_address>0x1b300</load_address>
         <run_address>0x1b300</run_address>
         <size>0x5e2</size>
         <input_file_ref idref="fl-b"/>
      </object_component>
      <object_component id="oc-1cc">
         <name>.debug_types</name>
         <load_address>0x0</load_address>
         <run_address>0x0</run_address>
         <size>0x0</size>
         <input_file_ref idref="fl-d"/>
      </object_component>
      <object_component id="oc-2ca">
         <name>.debug_types</name>
         <load_address>0x1b8e2</load_address>
         <run_address>0x1b8e2</run_address>
         <size>0x11ac7</size>
         <input_file_ref idref="fl-e"/>
      </object_component>
      <object_component id="oc-23b">
         <name>.debug_types</name>
         <load_address>0x2d3a9</load_address>
         <run_address>0x2d3a9</run_address>
         <size>0x28cfa</size>
         <input_file_ref idref="fl-10"/>
      </object_component>
      <object_component id="oc-2bd">
         <name>.debug_types</name>
         <load_address>0x560a3</load_address>
         <run_address>0x560a3</run_address>
         <size>0x5a</size>
         <input_file_ref idref="fl-11"/>
      </object_component>
      <object_component id="oc-2cc">
         <name>.debug_types</name>
         <load_address>0x0</load_address>
         <run_address>0x0</run_address>
         <size>0x0</size>
         <input_file_ref idref="fl-12"/>
      </object_component>
      <object_component id="oc-1cf">
         <name>.debug_types</name>
         <load_address>0x560fd</load_address>
         <run_address>0x560fd</run_address>
         <size>0x5a</size>
         <input_file_ref idref="fl-13"/>
      </object_component>
      <object_component id="oc-2b3">
         <name>.debug_types</name>
         <load_address>0x56157</load_address>
         <run_address>0x56157</run_address>
         <size>0x2f</size>
         <input_file_ref idref="fl-14"/>
      </object_component>
      <object_component id="oc-337">
         <name>.debug_types</name>
         <load_address>0x56186</load_address>
         <run_address>0x56186</run_address>
         <size>0xa6f</size>
         <input_file_ref idref="fl-17"/>
      </object_component>
      <object_component id="oc-2f9">
         <name>.debug_types</name>
         <load_address>0x56bf5</load_address>
         <run_address>0x56bf5</run_address>
         <size>0x32</size>
         <input_file_ref idref="fl-18"/>
      </object_component>
      <object_component id="oc-1ea">
         <name>.debug_types</name>
         <load_address>0x0</load_address>
         <run_address>0x0</run_address>
         <size>0x0</size>
         <input_file_ref idref="fl-19"/>
      </object_component>
      <object_component id="oc-1fe">
         <name>.debug_types</name>
         <load_address>0x0</load_address>
         <run_address>0x0</run_address>
         <size>0x0</size>
         <input_file_ref idref="fl-3c"/>
      </object_component>
      <object_component id="oc-313">
         <name>.debug_types</name>
         <load_address>0x56c27</load_address>
         <run_address>0x56c27</run_address>
         <size>0x4ca</size>
         <input_file_ref idref="fl-3d"/>
      </object_component>
      <object_component id="oc-1f5">
         <name>.debug_types</name>
         <load_address>0x570f1</load_address>
         <run_address>0x570f1</run_address>
         <size>0x1f3</size>
         <input_file_ref idref="fl-3e"/>
      </object_component>
      <object_component id="oc-cb">
         <name>.debug_types</name>
         <load_address>0x0</load_address>
         <run_address>0x0</run_address>
         <size>0x0</size>
         <input_file_ref idref="fl-3f"/>
      </object_component>
      <object_component id="oc-c3">
         <name>.debug_types</name>
         <load_address>0x572e4</load_address>
         <run_address>0x572e4</run_address>
         <size>0x191</size>
         <input_file_ref idref="fl-40"/>
      </object_component>
      <object_component id="oc-238">
         <name>.debug_types</name>
         <load_address>0x57475</load_address>
         <run_address>0x57475</run_address>
         <size>0xbf</size>
         <input_file_ref idref="fl-41"/>
      </object_component>
      <object_component id="oc-32e">
         <name>.debug_types</name>
         <load_address>0x57534</load_address>
         <run_address>0x57534</run_address>
         <size>0x2f</size>
         <input_file_ref idref="fl-42"/>
      </object_component>
      <object_component id="oc-230">
         <name>.debug_types</name>
         <load_address>0x57563</load_address>
         <run_address>0x57563</run_address>
         <size>0xe1</size>
         <input_file_ref idref="fl-43"/>
      </object_component>
      <object_component id="oc-308">
         <name>.debug_types</name>
         <load_address>0x57644</load_address>
         <run_address>0x57644</run_address>
         <size>0x2f</size>
         <input_file_ref idref="fl-44"/>
      </object_component>
      <object_component id="oc-1f0">
         <name>.debug_types</name>
         <load_address>0x57673</load_address>
         <run_address>0x57673</run_address>
         <size>0x89</size>
         <input_file_ref idref="fl-46"/>
      </object_component>
      <object_component id="oc-384">
         <name>.debug_types</name>
         <load_address>0x0</load_address>
         <run_address>0x0</run_address>
         <size>0x0</size>
         <input_file_ref idref="fl-47"/>
      </object_component>
      <object_component id="oc-169">
         <name>.debug_info</name>
         <load_address>0x0</load_address>
         <run_address>0x0</run_address>
         <size>0x14d</size>
         <input_file_ref idref="fl-2"/>
      </object_component>
      <object_component id="oc-90">
         <name>.debug_info</name>
         <load_address>0x14d</load_address>
         <run_address>0x14d</run_address>
         <size>0xe6</size>
         <input_file_ref idref="fl-2"/>
      </object_component>
      <object_component id="oc-9c">
         <name>.debug_info</name>
         <load_address>0x233</load_address>
         <run_address>0x233</run_address>
         <size>0x5c9</size>
         <input_file_ref idref="fl-2"/>
      </object_component>
      <object_component id="oc-f6">
         <name>.debug_info</name>
         <load_address>0x7fc</load_address>
         <run_address>0x7fc</run_address>
         <size>0x5f9</size>
         <input_file_ref idref="fl-3"/>
      </object_component>
      <object_component id="oc-95">
         <name>.debug_info</name>
         <load_address>0xdf5</load_address>
         <run_address>0xdf5</run_address>
         <size>0x513</size>
         <input_file_ref idref="fl-3"/>
      </object_component>
      <object_component id="oc-24b">
         <name>.debug_info</name>
         <load_address>0x1308</load_address>
         <run_address>0x1308</run_address>
         <size>0x18a</size>
         <input_file_ref idref="fl-4"/>
      </object_component>
      <object_component id="oc-24e">
         <name>.debug_info</name>
         <load_address>0x1492</load_address>
         <run_address>0x1492</run_address>
         <size>0xd8</size>
         <input_file_ref idref="fl-4"/>
      </object_component>
      <object_component id="oc-251">
         <name>.debug_info</name>
         <load_address>0x156a</load_address>
         <run_address>0x156a</run_address>
         <size>0xce</size>
         <input_file_ref idref="fl-4"/>
      </object_component>
      <object_component id="oc-257">
         <name>.debug_info</name>
         <load_address>0x1638</load_address>
         <run_address>0x1638</run_address>
         <size>0xda</size>
         <input_file_ref idref="fl-4"/>
      </object_component>
      <object_component id="oc-254">
         <name>.debug_info</name>
         <load_address>0x1712</load_address>
         <run_address>0x1712</run_address>
         <size>0xd6</size>
         <input_file_ref idref="fl-4"/>
      </object_component>
      <object_component id="oc-fb">
         <name>.debug_info</name>
         <load_address>0x17e8</load_address>
         <run_address>0x17e8</run_address>
         <size>0x4fd</size>
         <input_file_ref idref="fl-4"/>
      </object_component>
      <object_component id="oc-126">
         <name>.debug_info</name>
         <load_address>0x1ce5</load_address>
         <run_address>0x1ce5</run_address>
         <size>0x17e</size>
         <input_file_ref idref="fl-5"/>
      </object_component>
      <object_component id="oc-13a">
         <name>.debug_info</name>
         <load_address>0x1e63</load_address>
         <run_address>0x1e63</run_address>
         <size>0xd8</size>
         <input_file_ref idref="fl-6"/>
      </object_component>
      <object_component id="oc-a3">
         <name>.debug_info</name>
         <load_address>0x1f3b</load_address>
         <run_address>0x1f3b</run_address>
         <size>0x11f</size>
         <input_file_ref idref="fl-6"/>
      </object_component>
      <object_component id="oc-102">
         <name>.debug_info</name>
         <load_address>0x205a</load_address>
         <run_address>0x205a</run_address>
         <size>0x1e2</size>
         <input_file_ref idref="fl-6"/>
      </object_component>
      <object_component id="oc-1b8">
         <name>.debug_info</name>
         <load_address>0x223c</load_address>
         <run_address>0x223c</run_address>
         <size>0x113</size>
         <input_file_ref idref="fl-7"/>
      </object_component>
      <object_component id="oc-1aa">
         <name>.debug_info</name>
         <load_address>0x234f</load_address>
         <run_address>0x234f</run_address>
         <size>0xe9</size>
         <input_file_ref idref="fl-7"/>
      </object_component>
      <object_component id="oc-a7">
         <name>.debug_info</name>
         <load_address>0x2438</load_address>
         <run_address>0x2438</run_address>
         <size>0x169</size>
         <input_file_ref idref="fl-7"/>
      </object_component>
      <object_component id="oc-10d">
         <name>.debug_info</name>
         <load_address>0x25a1</load_address>
         <run_address>0x25a1</run_address>
         <size>0x439e</size>
         <input_file_ref idref="fl-8"/>
      </object_component>
      <object_component id="oc-13d">
         <name>.debug_info</name>
         <load_address>0x693f</load_address>
         <run_address>0x693f</run_address>
         <size>0x1b2</size>
         <input_file_ref idref="fl-8"/>
      </object_component>
      <object_component id="oc-166">
         <name>.debug_info</name>
         <load_address>0x6af1</load_address>
         <run_address>0x6af1</run_address>
         <size>0xe4</size>
         <input_file_ref idref="fl-8"/>
      </object_component>
      <object_component id="oc-107">
         <name>.debug_info</name>
         <load_address>0x6bd5</load_address>
         <run_address>0x6bd5</run_address>
         <size>0xe2</size>
         <input_file_ref idref="fl-8"/>
      </object_component>
      <object_component id="oc-1ad">
         <name>.debug_info</name>
         <load_address>0x6cb7</load_address>
         <run_address>0x6cb7</run_address>
         <size>0xe2</size>
         <input_file_ref idref="fl-8"/>
      </object_component>
      <object_component id="oc-10a">
         <name>.debug_info</name>
         <load_address>0x6d99</load_address>
         <run_address>0x6d99</run_address>
         <size>0xe0</size>
         <input_file_ref idref="fl-8"/>
      </object_component>
      <object_component id="oc-198">
         <name>.debug_info</name>
         <load_address>0x6e79</load_address>
         <run_address>0x6e79</run_address>
         <size>0x36a</size>
         <input_file_ref idref="fl-8"/>
      </object_component>
      <object_component id="oc-17e">
         <name>.debug_info</name>
         <load_address>0x71e3</load_address>
         <run_address>0x71e3</run_address>
         <size>0x310</size>
         <input_file_ref idref="fl-9"/>
      </object_component>
      <object_component id="oc-2b8">
         <name>.debug_info</name>
         <load_address>0x74f3</load_address>
         <run_address>0x74f3</run_address>
         <size>0x131</size>
         <input_file_ref idref="fl-b"/>
      </object_component>
      <object_component id="oc-172">
         <name>.debug_info</name>
         <load_address>0x7624</load_address>
         <run_address>0x7624</run_address>
         <size>0x1ff</size>
         <input_file_ref idref="fl-b"/>
      </object_component>
      <object_component id="oc-1c3">
         <name>.debug_info</name>
         <load_address>0x7823</load_address>
         <run_address>0x7823</run_address>
         <size>0x3b6</size>
         <input_file_ref idref="fl-d"/>
      </object_component>
      <object_component id="oc-ae">
         <name>.debug_info</name>
         <load_address>0x7bd9</load_address>
         <run_address>0x7bd9</run_address>
         <size>0x2a9a</size>
         <input_file_ref idref="fl-d"/>
      </object_component>
      <object_component id="oc-184">
         <name>.debug_info</name>
         <load_address>0xa673</load_address>
         <run_address>0xa673</run_address>
         <size>0x3b1</size>
         <input_file_ref idref="fl-e"/>
      </object_component>
      <object_component id="oc-29e">
         <name>.debug_info</name>
         <load_address>0xaa24</load_address>
         <run_address>0xaa24</run_address>
         <size>0x108</size>
         <input_file_ref idref="fl-10"/>
      </object_component>
      <object_component id="oc-2c7">
         <name>.debug_info</name>
         <load_address>0xab2c</load_address>
         <run_address>0xab2c</run_address>
         <size>0xf2</size>
         <input_file_ref idref="fl-10"/>
      </object_component>
      <object_component id="oc-2b5">
         <name>.debug_info</name>
         <load_address>0xac1e</load_address>
         <run_address>0xac1e</run_address>
         <size>0xf6</size>
         <input_file_ref idref="fl-10"/>
      </object_component>
      <object_component id="oc-2a7">
         <name>.debug_info</name>
         <load_address>0xad14</load_address>
         <run_address>0xad14</run_address>
         <size>0xf6</size>
         <input_file_ref idref="fl-10"/>
      </object_component>
      <object_component id="oc-2aa">
         <name>.debug_info</name>
         <load_address>0xae0a</load_address>
         <run_address>0xae0a</run_address>
         <size>0xf6</size>
         <input_file_ref idref="fl-10"/>
      </object_component>
      <object_component id="oc-15a">
         <name>.debug_info</name>
         <load_address>0xaf00</load_address>
         <run_address>0xaf00</run_address>
         <size>0xec</size>
         <input_file_ref idref="fl-10"/>
      </object_component>
      <object_component id="oc-1d1">
         <name>.debug_info</name>
         <load_address>0xafec</load_address>
         <run_address>0xafec</run_address>
         <size>0xec</size>
         <input_file_ref idref="fl-10"/>
      </object_component>
      <object_component id="oc-1bd">
         <name>.debug_info</name>
         <load_address>0xb0d8</load_address>
         <run_address>0xb0d8</run_address>
         <size>0xf7</size>
         <input_file_ref idref="fl-10"/>
      </object_component>
      <object_component id="oc-1b5">
         <name>.debug_info</name>
         <load_address>0xb1cf</load_address>
         <run_address>0xb1cf</run_address>
         <size>0xf7</size>
         <input_file_ref idref="fl-10"/>
      </object_component>
      <object_component id="oc-160">
         <name>.debug_info</name>
         <load_address>0xb2c6</load_address>
         <run_address>0xb2c6</run_address>
         <size>0xee</size>
         <input_file_ref idref="fl-10"/>
      </object_component>
      <object_component id="oc-f0">
         <name>.debug_info</name>
         <load_address>0xb3b4</load_address>
         <run_address>0xb3b4</run_address>
         <size>0xf2</size>
         <input_file_ref idref="fl-10"/>
      </object_component>
      <object_component id="oc-157">
         <name>.debug_info</name>
         <load_address>0xb4a6</load_address>
         <run_address>0xb4a6</run_address>
         <size>0xf6</size>
         <input_file_ref idref="fl-10"/>
      </object_component>
      <object_component id="oc-2ad">
         <name>.debug_info</name>
         <load_address>0xb59c</load_address>
         <run_address>0xb59c</run_address>
         <size>0xf0</size>
         <input_file_ref idref="fl-10"/>
      </object_component>
      <object_component id="oc-2b0">
         <name>.debug_info</name>
         <load_address>0xb68c</load_address>
         <run_address>0xb68c</run_address>
         <size>0xf0</size>
         <input_file_ref idref="fl-10"/>
      </object_component>
      <object_component id="oc-163">
         <name>.debug_info</name>
         <load_address>0xb77c</load_address>
         <run_address>0xb77c</run_address>
         <size>0xe8</size>
         <input_file_ref idref="fl-10"/>
      </object_component>
      <object_component id="oc-149">
         <name>.debug_info</name>
         <load_address>0xb864</load_address>
         <run_address>0xb864</run_address>
         <size>0xf4</size>
         <input_file_ref idref="fl-10"/>
      </object_component>
      <object_component id="oc-2a1">
         <name>.debug_info</name>
         <load_address>0xb958</load_address>
         <run_address>0xb958</run_address>
         <size>0xef</size>
         <input_file_ref idref="fl-10"/>
      </object_component>
      <object_component id="oc-29b">
         <name>.debug_info</name>
         <load_address>0xba47</load_address>
         <run_address>0xba47</run_address>
         <size>0xfb</size>
         <input_file_ref idref="fl-10"/>
      </object_component>
      <object_component id="oc-1c0">
         <name>.debug_info</name>
         <load_address>0xbb42</load_address>
         <run_address>0xbb42</run_address>
         <size>0xeb</size>
         <input_file_ref idref="fl-10"/>
      </object_component>
      <object_component id="oc-2bf">
         <name>.debug_info</name>
         <load_address>0xbc2d</load_address>
         <run_address>0xbc2d</run_address>
         <size>0xeb</size>
         <input_file_ref idref="fl-10"/>
      </object_component>
      <object_component id="oc-2c2">
         <name>.debug_info</name>
         <load_address>0xbd18</load_address>
         <run_address>0xbd18</run_address>
         <size>0xeb</size>
         <input_file_ref idref="fl-10"/>
      </object_component>
      <object_component id="oc-ed">
         <name>.debug_info</name>
         <load_address>0xbe03</load_address>
         <run_address>0xbe03</run_address>
         <size>0xeb</size>
         <input_file_ref idref="fl-10"/>
      </object_component>
      <object_component id="oc-15d">
         <name>.debug_info</name>
         <load_address>0xbeee</load_address>
         <run_address>0xbeee</run_address>
         <size>0xef</size>
         <input_file_ref idref="fl-10"/>
      </object_component>
      <object_component id="oc-143">
         <name>.debug_info</name>
         <load_address>0xbfdd</load_address>
         <run_address>0xbfdd</run_address>
         <size>0xee</size>
         <input_file_ref idref="fl-10"/>
      </object_component>
      <object_component id="oc-146">
         <name>.debug_info</name>
         <load_address>0xc0cb</load_address>
         <run_address>0xc0cb</run_address>
         <size>0xee</size>
         <input_file_ref idref="fl-10"/>
      </object_component>
      <object_component id="oc-140">
         <name>.debug_info</name>
         <load_address>0xc1b9</load_address>
         <run_address>0xc1b9</run_address>
         <size>0xee</size>
         <input_file_ref idref="fl-10"/>
      </object_component>
      <object_component id="oc-14e">
         <name>.debug_info</name>
         <load_address>0xc2a7</load_address>
         <run_address>0xc2a7</run_address>
         <size>0xee</size>
         <input_file_ref idref="fl-10"/>
      </object_component>
      <object_component id="oc-151">
         <name>.debug_info</name>
         <load_address>0xc395</load_address>
         <run_address>0xc395</run_address>
         <size>0xee</size>
         <input_file_ref idref="fl-10"/>
      </object_component>
      <object_component id="oc-2a4">
         <name>.debug_info</name>
         <load_address>0xc483</load_address>
         <run_address>0xc483</run_address>
         <size>0xf0</size>
         <input_file_ref idref="fl-10"/>
      </object_component>
      <object_component id="oc-1e7">
         <name>.debug_info</name>
         <load_address>0xc573</load_address>
         <run_address>0xc573</run_address>
         <size>0xf4</size>
         <input_file_ref idref="fl-10"/>
      </object_component>
      <object_component id="oc-154">
         <name>.debug_info</name>
         <load_address>0xc667</load_address>
         <run_address>0xc667</run_address>
         <size>0xf4</size>
         <input_file_ref idref="fl-10"/>
      </object_component>
      <object_component id="oc-179">
         <name>.debug_info</name>
         <load_address>0xc75b</load_address>
         <run_address>0xc75b</run_address>
         <size>0xa74</size>
         <input_file_ref idref="fl-11"/>
      </object_component>
      <object_component id="oc-18c">
         <name>.debug_info</name>
         <load_address>0xd1cf</load_address>
         <run_address>0xd1cf</run_address>
         <size>0x169</size>
         <input_file_ref idref="fl-12"/>
      </object_component>
      <object_component id="oc-b3">
         <name>.debug_info</name>
         <load_address>0xd338</load_address>
         <run_address>0xd338</run_address>
         <size>0xf1</size>
         <input_file_ref idref="fl-13"/>
      </object_component>
      <object_component id="oc-190">
         <name>.debug_info</name>
         <load_address>0xd429</load_address>
         <run_address>0xd429</run_address>
         <size>0x150</size>
         <input_file_ref idref="fl-13"/>
      </object_component>
      <object_component id="oc-16c">
         <name>.debug_info</name>
         <load_address>0xd579</load_address>
         <run_address>0xd579</run_address>
         <size>0xc8f</size>
         <input_file_ref idref="fl-14"/>
      </object_component>
      <object_component id="oc-245">
         <name>.debug_info</name>
         <load_address>0xe208</load_address>
         <run_address>0xe208</run_address>
         <size>0xfdf</size>
         <input_file_ref idref="fl-17"/>
      </object_component>
      <object_component id="oc-2f6">
         <name>.debug_info</name>
         <load_address>0xf1e7</load_address>
         <run_address>0xf1e7</run_address>
         <size>0x14f</size>
         <input_file_ref idref="fl-18"/>
      </object_component>
      <object_component id="oc-2f3">
         <name>.debug_info</name>
         <load_address>0xf336</load_address>
         <run_address>0xf336</run_address>
         <size>0xeb</size>
         <input_file_ref idref="fl-18"/>
      </object_component>
      <object_component id="oc-1d7">
         <name>.debug_info</name>
         <load_address>0xf421</load_address>
         <run_address>0xf421</run_address>
         <size>0x30b</size>
         <input_file_ref idref="fl-18"/>
      </object_component>
      <object_component id="oc-1d4">
         <name>.debug_info</name>
         <load_address>0xf72c</load_address>
         <run_address>0xf72c</run_address>
         <size>0x43e</size>
         <input_file_ref idref="fl-19"/>
      </object_component>
      <object_component id="oc-b8">
         <name>.debug_info</name>
         <load_address>0xfb6a</load_address>
         <run_address>0xfb6a</run_address>
         <size>0x1a3</size>
         <input_file_ref idref="fl-19"/>
      </object_component>
      <object_component id="oc-bf">
         <name>.debug_info</name>
         <load_address>0xfd0d</load_address>
         <run_address>0xfd0d</run_address>
         <size>0x48d</size>
         <input_file_ref idref="fl-19"/>
      </object_component>
      <object_component id="oc-8a">
         <name>.debug_info</name>
         <load_address>0x1019a</load_address>
         <run_address>0x1019a</run_address>
         <size>0x158</size>
         <input_file_ref idref="fl-2b"/>
      </object_component>
      <object_component id="oc-11b">
         <name>.debug_info</name>
         <load_address>0x102f2</load_address>
         <run_address>0x102f2</run_address>
         <size>0x127</size>
         <input_file_ref idref="fl-2c"/>
      </object_component>
      <object_component id="oc-121">
         <name>.debug_info</name>
         <load_address>0x10419</load_address>
         <run_address>0x10419</run_address>
         <size>0x131</size>
         <input_file_ref idref="fl-2d"/>
      </object_component>
      <object_component id="oc-111">
         <name>.debug_info</name>
         <load_address>0x1054a</load_address>
         <run_address>0x1054a</run_address>
         <size>0x127</size>
         <input_file_ref idref="fl-2e"/>
      </object_component>
      <object_component id="oc-115">
         <name>.debug_info</name>
         <load_address>0x10671</load_address>
         <run_address>0x10671</run_address>
         <size>0x13b</size>
         <input_file_ref idref="fl-2f"/>
      </object_component>
      <object_component id="oc-12b">
         <name>.debug_info</name>
         <load_address>0x107ac</load_address>
         <run_address>0x107ac</run_address>
         <size>0x127</size>
         <input_file_ref idref="fl-30"/>
      </object_component>
      <object_component id="oc-1c6">
         <name>.debug_info</name>
         <load_address>0x108d3</load_address>
         <run_address>0x108d3</run_address>
         <size>0x127</size>
         <input_file_ref idref="fl-31"/>
      </object_component>
      <object_component id="oc-290">
         <name>.debug_info</name>
         <load_address>0x109fa</load_address>
         <run_address>0x109fa</run_address>
         <size>0x127</size>
         <input_file_ref idref="fl-33"/>
      </object_component>
      <object_component id="oc-1dd">
         <name>.debug_info</name>
         <load_address>0x10b21</load_address>
         <run_address>0x10b21</run_address>
         <size>0x1a5</size>
         <input_file_ref idref="fl-34"/>
      </object_component>
      <object_component id="oc-1e2">
         <name>.debug_info</name>
         <load_address>0x10cc6</load_address>
         <run_address>0x10cc6</run_address>
         <size>0x16f</size>
         <input_file_ref idref="fl-35"/>
      </object_component>
      <object_component id="oc-1a3">
         <name>.debug_info</name>
         <load_address>0x10e35</load_address>
         <run_address>0x10e35</run_address>
         <size>0x12b</size>
         <input_file_ref idref="fl-36"/>
      </object_component>
      <object_component id="oc-19f">
         <name>.debug_info</name>
         <load_address>0x10f60</load_address>
         <run_address>0x10f60</run_address>
         <size>0x12b</size>
         <input_file_ref idref="fl-37"/>
      </object_component>
      <object_component id="oc-131">
         <name>.debug_info</name>
         <load_address>0x1108b</load_address>
         <run_address>0x1108b</run_address>
         <size>0x12e</size>
         <input_file_ref idref="fl-38"/>
      </object_component>
      <object_component id="oc-297">
         <name>.debug_info</name>
         <load_address>0x111b9</load_address>
         <run_address>0x111b9</run_address>
         <size>0x12b</size>
         <input_file_ref idref="fl-39"/>
      </object_component>
      <object_component id="oc-135">
         <name>.debug_info</name>
         <load_address>0x112e4</load_address>
         <run_address>0x112e4</run_address>
         <size>0x12b</size>
         <input_file_ref idref="fl-3a"/>
      </object_component>
      <object_component id="oc-1b2">
         <name>.debug_info</name>
         <load_address>0x1140f</load_address>
         <run_address>0x1140f</run_address>
         <size>0x127</size>
         <input_file_ref idref="fl-3b"/>
      </object_component>
      <object_component id="oc-d9">
         <name>.debug_info</name>
         <load_address>0x11536</load_address>
         <run_address>0x11536</run_address>
         <size>0x14d</size>
         <input_file_ref idref="fl-3c"/>
      </object_component>
      <object_component id="oc-200">
         <name>.debug_info</name>
         <load_address>0x11683</load_address>
         <run_address>0x11683</run_address>
         <size>0x1bf</size>
         <input_file_ref idref="fl-3d"/>
      </object_component>
      <object_component id="oc-d5">
         <name>.debug_info</name>
         <load_address>0x11842</load_address>
         <run_address>0x11842</run_address>
         <size>0x19f</size>
         <input_file_ref idref="fl-3e"/>
      </object_component>
      <object_component id="oc-83">
         <name>.debug_info</name>
         <load_address>0x119e1</load_address>
         <run_address>0x119e1</run_address>
         <size>0x1b7</size>
         <input_file_ref idref="fl-3f"/>
      </object_component>
      <object_component id="oc-7d">
         <name>.debug_info</name>
         <load_address>0x11b98</load_address>
         <run_address>0x11b98</run_address>
         <size>0x20c</size>
         <input_file_ref idref="fl-40"/>
      </object_component>
[...]
      </symbol>
      <symbol id="sm-5fa">
         <name>ECap2Regs</name>
         <value>0x5020</value>
         <object_component_ref idref="oc-15f"/>
      </symbol>
      <symbol id="sm-5fb">
         <name>AnalogSubsysRegs</name>
         <value>0x5d180</value>
         <object_component_ref idref="oc-29a"/>
      </symbol>
      <symbol id="sm-5fc">
         <name>AdcaRegs</name>
         <value>0x7400</value>
         <object_component_ref idref="oc-1bf"/>
      </symbol>
      <symbol id="sm-5fd">
         <name>SciaRegs</name>
         <value>0x7200</value>
         <object_component_ref idref="oc-1d0"/>
      </symbol>
      <symbol id="sm-61f">
         <name>GPIO_SetupPinMux</name>
         <value>0xd208</value>
         <object_component_ref idref="oc-177"/>
      </symbol>
      <symbol id="sm-620">
         <name>GPIO_SetupLock</name>
         <value>0xd324</value>
         <object_component_ref idref="oc-177"/>
      </symbol>
      <symbol id="sm-621">
         <name>GPIO_SetupXINT2Gpio</name>
         <value>0xd357</value>
         <object_component_ref idref="oc-177"/>
      </symbol>
      <symbol id="sm-622">
         <name>GPIO_EnableUnbondedIOPullupsFor176Pin</name>
         <value>0xd37f</value>
         <object_component_ref idref="oc-177"/>
      </symbol>
      <symbol id="sm-623">
         <name>GPIO_SetupXINT3Gpio</name>
         <value>0xd361</value>
         <object_component_ref idref="oc-177"/>
      </symbol>
      <symbol id="sm-624">
         <name>GPIO_WritePin</name>
         <value>0xd3ea</value>
         <object_component_ref idref="oc-177"/>
      </symbol>
      <symbol id="sm-625">
         <name>GPIO_SetupXINT1Gpio</name>
         <value>0xd34d</value>
         <object_component_ref idref="oc-177"/>
      </symbol>
      <symbol id="sm-626">
         <name>GPIO_EnableUnbondedIOPullups</name>
         <value>0xd3bd</value>
         <object_component_ref idref="oc-177"/>
      </symbol>
      <symbol id="sm-627">
         <name>GPIO_ReadPin</name>
         <value>0xd3d3</value>
         <object_component_ref idref="oc-177"/>
      </symbol>
      <symbol id="sm-628">
         <name>GPIO_SetupXINT4Gpio</name>
         <value>0xd36b</value>
         <object_component_ref idref="oc-177"/>
      </symbol>
      <symbol id="sm-629">
         <name>GPIO_SetupPinOptions</name>
         <value>0xd290</value>
         <object_component_ref idref="oc-177"/>
      </symbol>
      <symbol id="sm-62a">
         <name>GPIO_EnableUnbondedIOPullupsFor100Pin</name>
         <value>0xd398</value>
         <object_component_ref idref="oc-177"/>
      </symbol>
      <symbol id="sm-62b">
         <name>GPIO_SetupXINT5Gpio</name>
         <value>0xd375</value>
         <object_component_ref idref="oc-177"/>
      </symbol>
      <symbol id="sm-62c">
         <name>InitGpio</name>
         <value>0xd000</value>
         <object_component_ref idref="oc-177"/>
      </symbol>
      <symbol id="sm-639">
         <name>InitPieCtrl</name>
         <value>0xe84c</value>
         <object_component_ref idref="oc-189"/>
      </symbol>
      <symbol id="sm-63a">
         <name>EnableInterrupts</name>
         <value>0xe86b</value>
         <object_component_ref idref="oc-189"/>
      </symbol>
      <symbol id="sm-64e">
         <name>InitPieVectTable</name>
         <value>0xe874</value>
         <object_component_ref idref="oc-18f"/>
      </symbol>
      <symbol id="sm-64f">
         <name>PieVectTableInit</name>
         <value>0xc000</value>
         <object_component_ref idref="oc-b2"/>
      </symbol>
      <symbol id="sm-695">
         <name>DisablePeripheralClocks</name>
         <value>0xc9d1</value>
         <object_component_ref idref="oc-16b"/>
      </symbol>
      <symbol id="sm-696">
         <name>SeizeFlashPump_Bank1</name>
         <value>0xc9f8</value>
         <object_component_ref idref="oc-16b"/>
      </symbol>
      <symbol id="sm-697">
         <name>SeizeFlashPump_Bank0</name>
         <value>0xc9e9</value>
         <object_component_ref idref="oc-16b"/>
      </symbol>
      <symbol id="sm-698">
         <name>STANDBY</name>
         <value>0xcd81</value>
         <object_component_ref idref="oc-16b"/>
      </symbol>
      <symbol id="sm-699">
         <name>InitPeripheralClocks</name>
         <value>0xc94d</value>
         <object_component_ref idref="oc-16b"/>
      </symbol>
      <symbol id="sm-69a">
         <name>SysIntOsc1Sel</name>
         <value>0xcd34</value>
         <object_component_ref idref="oc-16b"/>
      </symbol>
      <symbol id="sm-69b">
         <name>SysXtalOscSel</name>
         <value>0xcd4c</value>
         <object_component_ref idref="oc-16b"/>
      </symbol>
      <symbol id="sm-69c">
         <name>ServiceDog</name>
         <value>0xca11</value>
         <object_component_ref idref="oc-16b"/>
      </symbol>
      <symbol id="sm-69d">
         <name>CsmUnlock</name>
         <value>0xcd13</value>
         <object_component_ref idref="oc-16b"/>
      </symbol>
      <symbol id="sm-69e">
         <name>AuxIntOsc2Sel</name>
         <value>0xcd58</value>
         <object_component_ref idref="oc-16b"/>
      </symbol>
      <symbol id="sm-69f">
         <name>InitSysCtrl</name>
         <value>0xc91c</value>
         <object_component_ref idref="oc-16b"/>
      </symbol>
      <symbol id="sm-6a0">
         <name>InitAuxPll</name>
         <value>0xcc2c</value>
         <object_component_ref idref="oc-16b"/>
      </symbol>
      <symbol id="sm-6a1">
         <name>DisableDog</name>
         <value>0xca1f</value>
         <object_component_ref idref="oc-16b"/>
      </symbol>
      <symbol id="sm-6a2">
         <name>IDLE</name>
         <value>0xcd78</value>
         <object_component_ref idref="oc-16b"/>
      </symbol>
      <symbol id="sm-6a3">
         <name>HALT</name>
         <value>0xcd8c</value>
         <object_component_ref idref="oc-16b"/>
      </symbol>
      <symbol id="sm-6a4">
         <name>AuxAuxClkSel</name>
         <value>0xcd6e</value>
         <object_component_ref idref="oc-16b"/>
      </symbol>
      <symbol id="sm-6a5">
         <name>HIB</name>
         <value>0xcd9d</value>
         <object_component_ref idref="oc-16b"/>
      </symbol>
      <symbol id="sm-6a6">
         <name>AuxXtalOscSel</name>
         <value>0xcd62</value>
         <object_component_ref idref="oc-16b"/>
      </symbol>
      <symbol id="sm-6a7">
         <name>InitSysPll</name>
         <value>0xca2d</value>
         <object_component_ref idref="oc-16b"/>
      </symbol>
      <symbol id="sm-6a8">
         <name>SysIntOsc2Sel</name>
         <value>0xcd40</value>
         <object_component_ref idref="oc-16b"/>
      </symbol>
      <symbol id="sm-6a9">
         <name>ReleaseFlashPump</name>
         <value>0xca07</value>
         <object_component_ref idref="oc-16b"/>
      </symbol>
      <symbol id="sm-6c2">
         <name>Device_enableAllPeripherals</name>
         <value>0xce29</value>
         <object_component_ref idref="oc-242"/>
      </symbol>
      <symbol id="sm-6c3">
         <name>Device_initGPIO</name>
         <value>0xcf14</value>
         <object_component_ref idref="oc-242"/>
      </symbol>
      <symbol id="sm-6c4">
         <name>Device_init</name>
         <value>0xcdf6</value>
         <object_component_ref idref="oc-242"/>
      </symbol>
      <symbol id="sm-6c5">
         <name>Device_enableUnbondedGPIOPullups</name>
         <value>0xcf71</value>
         <object_component_ref idref="oc-242"/>
      </symbol>
      <symbol id="sm-6c6">
         <name>__error__</name>
         <value>0xcf87</value>
         <object_component_ref idref="oc-242"/>
      </symbol>
      <symbol id="sm-6c7">
         <name>Device_enableUnbondedGPIOPullupsFor176Pin</name>
         <value>0xcf35</value>
         <object_component_ref idref="oc-242"/>
      </symbol>
      <symbol id="sm-6c8">
         <name>Device_enableUnbondedGPIOPullupsFor100Pin</name>
         <value>0xcf4d</value>
         <object_component_ref idref="oc-242"/>
      </symbol>
      <symbol id="sm-6ed">
         <name>ExtractRing</name>
         <value>0xe5e8</value>
         <object_component_ref idref="oc-1d6"/>
      </symbol>
      <symbol id="sm-6ee">
         <name>IsRingEmpty</name>
         <value>0xe622</value>
         <object_component_ref idref="oc-1d6"/>
      </symbol>
      <symbol id="sm-6ef">
         <name>ResetRing</name>
         <value>0xe5a6</value>
         <object_component_ref idref="oc-1d6"/>
      </symbol>
      <symbol id="sm-6f0">
         <name>ezDSP_nStartPos</name>
         <value>0x8695</value>
         <object_component_ref idref="oc-2f5"/>
      </symbol>
      <symbol id="sm-6f1">
         <name>GetSizeRing</name>
         <value>0xe616</value>
         <object_component_ref idref="oc-1d6"/>
      </symbol>
      <symbol id="sm-6f2">
         <name>ezDSP_nMaxBuffSize</name>
         <value>0x8697</value>
         <object_component_ref idref="oc-2f5"/>
      </symbol>
      <symbol id="sm-6f3">
         <name>ezDSP_nEndPos</name>
         <value>0x8696</value>
         <object_component_ref idref="oc-2f5"/>
      </symbol>
      <symbol id="sm-6f4">
         <name>ReadRing</name>
         <value>0xe5fc</value>
         <object_component_ref idref="oc-1d6"/>
      </symbol>
      <symbol id="sm-6f5">
         <name>AddRing</name>
         <value>0xe5bc</value>
         <object_component_ref idref="oc-1d6"/>
      </symbol>
      <symbol id="sm-6f6">
         <name>ezDSP_ringBuffer</name>
         <value>0xa800</value>
         <object_component_ref idref="oc-2f2"/>
      </symbol>
      <symbol id="sm-755">
         <name>ezDSP_uPECount</name>
         <value>0x865e</value>
         <object_component_ref idref="oc-1d3"/>
      </symbol>
      <symbol id="sm-756">
         <name>ezDSP_uBRKDTCount</name>
         <value>0x865b</value>
         <object_component_ref idref="oc-1d3"/>
      </symbol>
      <symbol id="sm-757">
         <name>ezDSP_uRead8BPossible</name>
         <value>0x865a</value>
         <object_component_ref idref="oc-1d3"/>
      </symbol>
      <symbol id="sm-758">
         <name>ezDSP_ucRx</name>
         <value>0x8660</value>
         <object_component_ref idref="oc-1d3"/>
      </symbol>
      <symbol id="sm-759">
         <name>ezDSP_uChksum</name>
         <value>0x8663</value>
         <object_component_ref idref="oc-1d3"/>
      </symbol>
      <symbol id="sm-75a">
         <name>easy_TXINT_ISR</name>
         <value>0xd788</value>
         <object_component_ref idref="oc-b5"/>
      </symbol>
      <symbol id="sm-75b">
         <name>ezDSP_uData</name>
         <value>0x8662</value>
         <object_component_ref idref="oc-1d3"/>
      </symbol>
      <symbol id="sm-75c">
         <name>ezDSP_ulAddr</name>
         <value>0x866a</value>
         <object_component_ref idref="oc-1d3"/>
      </symbol>
      <symbol id="sm-75d">
         <name>ezDSP_uWrongISRCount</name>
         <value>0x865f</value>
         <object_component_ref idref="oc-1d3"/>
      </symbol>
      <symbol id="sm-75e">
         <name>ezDSP_Version_SCI</name>
         <value>0x8658</value>
         <object_component_ref idref="oc-1d3"/>
      </symbol>
      <symbol id="sm-75f">
         <name>ezDSP_uFECount</name>
         <value>0x865c</value>
         <object_component_ref idref="oc-1d3"/>
      </symbol>
      <symbol id="sm-760">
         <name>ezDSP_uState</name>
         <value>0x8661</value>
         <object_component_ref idref="oc-1d3"/>
      </symbol>
      <symbol id="sm-761">
         <name>ezDSP_ullData</name>
         <value>0x866c</value>
         <object_component_ref idref="oc-1d3"/>
      </symbol>
      <symbol id="sm-762">
         <name>easyDSP_SCI_Init</name>
         <value>0xcf8e</value>
         <object_component_ref idref="oc-b7"/>
      </symbol>
      <symbol id="sm-763">
         <name>ezDSP_uRead16BPossible</name>
         <value>0x8659</value>
         <object_component_ref idref="oc-1d3"/>
      </symbol>
      <symbol id="sm-764">
         <name>easy_RXINT_ISR</name>
         <value>0xd408</value>
         <object_component_ref idref="oc-b5"/>
      </symbol>
      <symbol id="sm-765">
         <name>ezDSP_ulData</name>
         <value>0x8668</value>
         <object_component_ref idref="oc-1d3"/>
      </symbol>
      <symbol id="sm-766">
         <name>ezDSP_fFloat</name>
         <value>0x8666</value>
         <object_component_ref idref="oc-1d3"/>
      </symbol>
      <symbol id="sm-767">
         <name>ezDSP_uAddrRdCnt</name>
         <value>0x8664</value>
         <object_component_ref idref="oc-1d3"/>
      </symbol>
      <symbol id="sm-768">
         <name>ezDSP_uDataRdCnt</name>
         <value>0x8665</value>
         <object_component_ref idref="oc-1d3"/>
      </symbol>
      <symbol id="sm-769">
         <name>ezDSP_uOECount</name>
         <value>0x865d</value>
         <object_component_ref idref="oc-1d3"/>
      </symbol>
      <symbol id="sm-773">
         <name>_c_int00</name>
         <value>0xbfe9</value>
         <object_component_ref idref="oc-89"/>
      </symbol>
      <symbol id="sm-774">
         <name>__stack</name>
         <value>0x400</value>
         <object_component_ref idref="oc-c1"/>
      </symbol>
      <symbol id="sm-78b">
         <name>__c28xabi_addd</name>
         <value>0xbf4d</value>
         <object_component_ref idref="oc-11a"/>
      </symbol>
      <symbol id="sm-797">
         <name>__c28xabi_cmpd</name>
         <value>0xe7f9</value>
         <object_component_ref idref="oc-11f"/>
      </symbol>
      <symbol id="sm-7a5">
         <name>__c28xabi_mpyd</name>
         <value>0xe62a</value>
         <object_component_ref idref="oc-10f"/>
      </symbol>
      <symbol id="sm-7ad">
         <name>__c28xabi_subd</name>
         <value>0xe9a5</value>
         <object_component_ref idref="oc-114"/>
      </symbol>
      <symbol id="sm-7b8">
         <name>__c28xabi_dtoi</name>
         <value>0xcfde</value>
         <object_component_ref idref="oc-12a"/>
      </symbol>
      <symbol id="sm-7c3">
         <name>__c28xabi_dtou</name>
         <value>0xe931</value>
         <object_component_ref idref="oc-1c5"/>
      </symbol>
      <symbol id="sm-7d1">
         <name>__c28xabi_divf</name>
         <value>0xe51e</value>
         <object_component_ref idref="oc-28f"/>
      </symbol>
      <symbol id="sm-7d9">
         <name>__c28xabi_orll</name>
         <value>0xe953</value>
         <object_component_ref idref="oc-1dc"/>
      </symbol>
      <symbol id="sm-7da">
         <name>__c28xabi_xorll</name>
         <value>0xe95b</value>
         <object_component_ref idref="oc-1dc"/>
      </symbol>
      <symbol id="sm-7db">
         <name>__c28xabi_andll</name>
         <value>0xe94b</value>
         <object_component_ref idref="oc-1dc"/>
      </symbol>
      <symbol id="sm-7e5">
         <name>__c28xabi_cmpll</name>
         <value>0xe8bd</value>
         <object_component_ref idref="oc-1e1"/>
      </symbol>
      <symbol id="sm-7e6">
         <name>__c28xabi_cmpull</name>
         <value>0xe8cf</value>
         <object_component_ref idref="oc-1e1"/>
      </symbol>
      <symbol id="sm-7f2">
         <name>__c28xabi_itod</name>
         <value>0xe8db</value>
         <object_component_ref idref="oc-1a1"/>
      </symbol>
      <symbol id="sm-7ff">
         <name>__c28xabi_utod</name>
         <value>0xe963</value>
         <object_component_ref idref="oc-19c"/>
      </symbol>
      <symbol id="sm-80c">
         <name>__c28xabi_ultod</name>
         <value>0xe97a</value>
         <object_component_ref idref="oc-12f"/>
      </symbol>
      <symbol id="sm-818">
         <name>__c28xabi_ftod</name>
         <value>0xe915</value>
         <object_component_ref idref="oc-294"/>
      </symbol>
      <symbol id="sm-824">
         <name>__c28xabi_dtof</name>
         <value>0xe89a</value>
         <object_component_ref idref="oc-134"/>
      </symbol>
      <symbol id="sm-837">
         <name>__c28xabi_divd</name>
         <value>0xe409</value>
         <object_component_ref idref="oc-1af"/>
      </symbol>
      <symbol id="sm-844">
         <name>_system_pre_init</name>
         <value>0x7fd</value>
         <object_component_ref idref="oc-d8"/>
      </symbol>
      <symbol id="sm-853">
         <name>__TI_auto_init_nobinit_nopinit</name>
         <value>0xe7ce</value>
         <object_component_ref idref="oc-1ff"/>
      </symbol>
      <symbol id="sm-860">
         <name>__TI_zero_init</name>
         <value>0xe9d7</value>
         <object_component_ref idref="oc-d2"/>
      </symbol>
      <symbol id="sm-86d">
         <name>__TI_decompress_none</name>
         <value>0xe9c8</value>
         <object_component_ref idref="oc-82"/>
      </symbol>
      <symbol id="sm-881">
         <name>__TI_decompress_lzss</name>
         <value>0xe79d</value>
         <object_component_ref idref="oc-7c"/>
      </symbol>
      <symbol id="sm-897">
         <name>C$$EXIT</name>
         <value>0xe823</value>
         <object_component_ref idref="oc-e5"/>
      </symbol>
      <symbol id="sm-898">
         <name>abort</name>
         <value>0xe823</value>
         <object_component_ref idref="oc-e5"/>
      </symbol>
      <symbol id="sm-899">
         <name>exit</name>
         <value>0xe825</value>
         <object_component_ref idref="oc-e5"/>
      </symbol>
      <symbol id="sm-89a">
         <name>__TI_dtors_ptr</name>
         <value>0x868a</value>
         <object_component_ref idref="oc-231"/>
      </symbol>
      <symbol id="sm-89b">
         <name>__TI_cleanup_ptr</name>
         <value>0x8688</value>
         <object_component_ref idref="oc-231"/>
      </symbol>
      <symbol id="sm-89c">
         <name>__TI_enable_exit_profile_output</name>
         <value>0x8686</value>
         <object_component_ref idref="oc-231"/>
      </symbol>
      <symbol id="sm-8b3">
         <name>_nop</name>
         <value>0xe9c7</value>
         <object_component_ref idref="oc-326"/>
      </symbol>
      <symbol id="sm-8b4">
         <name>_lock</name>
         <value>0x8698</value>
         <object_component_ref idref="oc-234"/>
      </symbol>
      <symbol id="sm-8b5">
         <name>_unlock</name>
         <value>0x869a</value>
         <object_component_ref idref="oc-38a"/>
      </symbol>
      <symbol id="sm-8b6">
         <name>_register_lock</name>
         <value>0xe9c3</value>
         <object_component_ref idref="oc-326"/>
      </symbol>
      <symbol id="sm-8b7">
         <name>_register_unlock</name>
         <value>0xe9bf</value>
         <object_component_ref idref="oc-326"/>
      </symbol>
      <symbol id="sm-8c6">
         <name>_args_main</name>
         <value>0xe9b3</value>
         <object_component_ref idref="oc-df"/>
      </symbol>
      <symbol id="sm-8d5">
         <name>memset</name>
         <value>0xe9d0</value>
         <object_component_ref idref="oc-1f6"/>
      </symbol>
      <symbol id="sm-8e8">
         <name>memcpy</name>
         <value>0xe8f8</value>
         <object_component_ref idref="oc-c4"/>
      </symbol>
      <symbol id="sm-8f5">
         <name>_system_post_cinit</name>
         <value>0x7ff</value>
         <object_component_ref idref="oc-30c"/>
      </symbol>
      <symbol id="sm-8f7">
         <name>F28x_usDelay</name>
         <value>0x0</value>
      </symbol>
      <symbol id="sm-8f8">
         <name>SysCtl_setClock</name>
         <value>0x0</value>
      </symbol>
      <symbol id="sm-8f9">
         <name>SysCtl_getClock</name>
         <value>0x0</value>
      </symbol>
      <symbol id="sm-8fa">
         <name>SysCtl_getLowSpeedClock</name>
         <value>0x0</value>
      </symbol>
      <symbol id="sm-8fb">
         <name>__c_args__</name>
         <value>0x0</value>
      </symbol>
   </symbol_table>
   <title>Link errors: red sections failed placement</title>
</link_info>
